-------------------------------------------------
The trace creation timestamp is: Wed Jul 22 13:32:21 26
The executable build timestamp is: Mon Jun 23 14:02:05 25
The datecode is: 2025123
The pro machine type is: x86e_win64
The process ID is: 9332
The traceback type is : CRASH
The logger exit status is: 00003
The Trail is: trail.txt.1
The release is: 11.0
The product version is: 11.0.5.0
The product title is: Creo Parametric
The product buildtag is: 11.0.5.0-rc.41
-------------------------------------------------
Exception EXCEPTION_ACCESS_VIOLATION has occurred in the thread 9168.

Main Thread 9168
=====================
0x00007FFA5BF2148C	NULL (NULL:0) (VCRUNTIME140:0x00007FFA5BF20000) ( 0xc69aeb30, 0x1baa470, 0xffffffff, 0x120 ) 
0x00007FF9CAE0AC41	NULL (NULL:0) (coretools_sh:0x00007FF9CADE0000) ( 0x0, 0x0, 0x0, 0x0 ) 
0x00007FF7B6AF50C1	NULL (NULL:0) (xtop:0x00007FF7B5700000) ( 0xc69aeb30, 0x0, 0x1, 0x0 ) 
0x00007FF7B6AE09B8	NULL (NULL:0) (xtop:0x00007FF7B5700000) ( 0x0, 0x8c9419f8, 0xc69aeb30, 0x0 ) 
0x00007FF7B6935C6D	NULL (NULL:0) (xtop:0x00007FF7B5700000) ( 0x8cc659c8, 0x1911f6e, 0x1, 0x1911f6e ) 
0x00007FF9C78C6F4E	NULL (NULL:0) (uitools_sh:0x00007FF9C7840000) ( 0x0, 0x1911f6e, 0x4, 0xb ) 
0x00007FF9CB80232B	NULL (NULL:0) (libui_sh:0x00007FF9CB670000) ( 0x1911f6e, 0x4, 0x0, 0x4 ) 
0x00007FF9CB806E8C	NULL (NULL:0) (libui_sh:0x00007FF9CB670000) ( 0x3d, 0x0, 0x0, 0xffffffff ) 
0x00007FF7BD0D16E7	NULL (NULL:0) (xtop:0x00007FF7B5700000) ( 0x1, 0x0, 0x0, 0x9e0808a0 ) 
0x00007FF7B6B7ADDE	NULL (NULL:0) (xtop:0x00007FF7B5700000) ( 0x0, 0x0, 0x9e080a6c, 0x0 ) 
0x00007FF7B6B8EC00	NULL (NULL:0) (xtop:0x00007FF7B5700000) ( 0x0, 0x8cb50048, 0xc69b1e60, 0x0 ) 
0x00007FF7B6B8E936	NULL (NULL:0) (xtop:0x00007FF7B5700000) ( 0x8cb50048, 0xc69b1e60, 0x0, 0x9e0808a0 ) 
0x00007FF7B6B65FA8	NULL (NULL:0) (xtop:0x00007FF7B5700000) ( 0x0, 0x0, 0x0, 0x1 ) 
0x00007FF7B6B65C8F	NULL (NULL:0) (xtop:0x00007FF7B5700000) ( 0x515922c8, 0xffffffff, 0xcb974460, 0x51546968 ) 
0x00007FF9CB900308	NULL (NULL:0) (libui_sh:0x00007FF9CB670000) ( 0x0, 0x205262, 0x800000, 0x515922c8 ) 
0x00007FF9CB802C7A	NULL (NULL:0) (libui_sh:0x00007FF9CB670000) ( 0x0, 0x1, 0x800010, 0xc697b5b0 ) 
0x00007FFA5A667E36	NULL (NULL:0) (libdui_sh:0x00007FFA5A660000) ( 0x80000001, 0x1bad860, 0x1bad960, 0x0 ) 
0x00007FFA5A668559	NULL (NULL:0) (libdui_sh:0x00007FFA5A660000) ( 0xc697b5b0, 0xd776570, 0x1bad9b0, 0xffffffff ) 
0x00007FF7BD0C5513	NULL (NULL:0) (xtop:0x00007FF7B5700000) ( 0x0, 0xd776528, 0xd776570, 0x2f ) 
0x00007FF7BD0C5C49	NULL (NULL:0) (xtop:0x00007FF7B5700000) ( 0x2f, 0x0, 0x17, 0x2f ) 
0x00007FF7BD0D16E7	NULL (NULL:0) (xtop:0x00007FF7B5700000) ( 0x1, 0x0, 0x1badc50, 0xc2b595d0 ) 
0x00007FF7BD0CAAF4	NULL (NULL:0) (xtop:0x00007FF7B5700000) ( 0x0, 0x0, 0x0, 0x0 ) 
0x00007FF9CAE2EDAB	NULL (NULL:0) (coretools_sh:0x00007FF9CADE0000) ( 0x0, 0x800010, 0x800010, 0x0 ) 
0x00007FF7BD0D1496	NULL (NULL:0) (xtop:0x00007FF7B5700000) ( 0x0, 0x800010, 0x8cb50048, 0x8cb50048 ) 
0x00007FF7B6B5048F	NULL (NULL:0) (xtop:0x00007FF7B5700000) ( 0x800010, 0x8cb50048, 0x8cb50048, 0x8cb50048 ) 
0x00007FF7B7C2B17D	NULL (NULL:0) (xtop:0x00007FF7B5700000) ( 0x1bade20, 0x1bade10, 0x1, 0x525bf188 ) 
0x00007FF7B6540372	NULL (NULL:0) (xtop:0x00007FF7B5700000) ( 0x0, 0x0, 0x0, 0x0 ) 
0x00007FF7B65642D4	NULL (NULL:0) (xtop:0x00007FF7B5700000) ( 0x0, 0x0, 0xffffffff, 0x1bae950 ) 
0x00007FF7B6586726	NULL (NULL:0) (xtop:0x00007FF7B5700000) ( 0x800004, 0x0, 0x6, 0x800004 ) 
0x00007FF7B6587037	NULL (NULL:0) (xtop:0x00007FF7B5700000) ( 0x525bf188, 0xc, 0xc, 0x51a22c38 ) 
0x00007FF7B6462D9D	NULL (NULL:0) (xtop:0x00007FF7B5700000) ( 0x2, 0xffffffff, 0x0, 0xffffffff ) 
0x00007FF7B6460349	NULL (NULL:0) (xtop:0x00007FF7B5700000) ( 0x525bf188, 0xc69aeb30, 0xffffffff, 0x1 ) 
0x00007FF7B655119D	NULL (NULL:0) (xtop:0x00007FF7B5700000) ( 0x51250bc8, 0xffffffff, 0xcb974460, 0xd914768 ) 
0x00007FF9CB900308	NULL (NULL:0) (libui_sh:0x00007FF9CB670000) ( 0x0, 0x205262, 0x800000, 0x51250bc8 ) 
0x00007FF9CB802C7A	NULL (NULL:0) (libui_sh:0x00007FF9CB670000) ( 0x0, 0x1, 0x800004, 0xc697b5b0 ) 
0x00007FFA5A667E36	NULL (NULL:0) (libdui_sh:0x00007FFA5A660000) ( 0x80000001, 0x1baf100, 0x1baf200, 0x0 ) 
0x00007FFA5A668559	NULL (NULL:0) (libdui_sh:0x00007FFA5A660000) ( 0xc697b5b0, 0xd750458, 0x1baf250, 0xffffffff ) 
0x00007FF7BD0C5513	NULL (NULL:0) (xtop:0x00007FF7B5700000) ( 0x0, 0xd750410, 0xd750458, 0x0 ) 
0x00007FF7BD0C5C49	NULL (NULL:0) (xtop:0x00007FF7B5700000) ( 0x0, 0x0, 0x24, 0x0 ) 
0x00007FF7BD0D16E7	NULL (NULL:0) (xtop:0x00007FF7B5700000) ( 0x1, 0x2, 0x1baf4f0, 0xc2b595d0 ) 
0x00007FF7BD0CAAF4	NULL (NULL:0) (xtop:0x00007FF7B5700000) ( 0x70006f, 0x69006d, 0x700020, 0x200074 ) 
0x00007FF9CAE2EDAB	NULL (NULL:0) (coretools_sh:0x00007FF9CADE0000) ( 0xc2500038, 0xcb9f2c80, 0x4, 0x52bb9f24 ) 
0x00007FF7BD0D1496	NULL (NULL:0) (xtop:0x00007FF7B5700000) ( 0xcb9f2c80, 0x0, 0x0, 0xbe730000 ) 
0x00007FF7B6586C16	NULL (NULL:0) (xtop:0x00007FF7B5700000) ( 0xc129ad68, 0x4, 0x0, 0x0 ) 
0x00007FF7B6481173	NULL (NULL:0) (xtop:0x00007FF7B5700000) ( 0xc129ad68, 0x0, 0xcb9f2c80, 0x4 ) 
0x00007FF7BECDE905	NULL (NULL:0) (xtop:0x00007FF7B5700000) ( 0x1, 0x5aab6a5, 0x42ec18f1, 0x43b3a505 ) 
0x00007FF7BECDEBB4	NULL (NULL:0) (xtop:0x00007FF7B5700000) ( 0xc129ad68, 0xbecde930, 0xbe74ff20, 0x1bafa20 ) 
0x00007FF9CB8AAE9C	NULL (NULL:0) (libui_sh:0x00007FF9CB670000) ( 0xc129ad68, 0xbecde930, 0x1bafa20, 0x0 ) 
0x00007FF9CB8ABF6F	NULL (NULL:0) (libui_sh:0x00007FF9CB670000) ( 0xbecde930, 0x0, 0x0, 0x1 ) 
0x00007FF9CB6912B3	NULL (NULL:0) (libui_sh:0x00007FF9CB670000) ( 0xa, 0x4, 0xc129ad68, 0x0 ) 
0x00007FF7BECDBC7E	NULL (NULL:0) (xtop:0x00007FF7B5700000) ( 0x0, 0x0, 0x0, 0x0 ) 
0x00007FFAAFCDE957	NULL (NULL:0) (KERNEL32:0x00007FFAAFCB0000) ( 0x0, 0x0, 0xfffffb30, 0xfffffb30 ) 

Thread 4636
=====================
0x00007FFAAE99AE84	NULL (NULL:0) (win32u:0x00007FFAAE990000) ( 0xbebed140, 0x3a6fad0, 0x307d0, 0x0 ) 
0x00007FF9CBEEFDEE	NULL (NULL:0) (asyncoremt:0x00007FF9CBEB0000) ( 0x42, 0xd8492f42, 0x1, 0x1 ) 
0x00007FF9CBEE93F6	NULL (NULL:0) (asyncoremt:0x00007FF9CBEB0000) ( 0xbebed0f0, 0xbebee1f0, 0xbebc0900, 0xd8491d03 ) 
0x00007FF9CBEE9169	NULL (NULL:0) (asyncoremt:0x00007FF9CBEB0000) ( 0xbebee1f0, 0xbebc0900, 0x0, 0xbebee1f0 ) 
0x00007FF9CBEE952F	NULL (NULL:0) (asyncoremt:0x00007FF9CBEB0000) ( 0xc0bcbbc0, 0x0, 0x0, 0x0 ) 
0x00007FFAAE4ACD30	NULL (NULL:0) (ucrtbase:0x00007FFAAE480000) ( 0x0, 0x0, 0x0, 0x0 ) 
0x00007FFAAFCDE957	NULL (NULL:0) (KERNEL32:0x00007FFAAFCB0000) ( 0x0, 0x0, 0xfffffb30, 0xfffffb30 ) 

Thread 14960
=====================
0x00007FFAB1200BB4	NULL (NULL:0) (ntdll:0x00007FFAB10A0000) ( 0x5, 0x20, 0x40, 0xb10f4e84 ) 
0x00007FFAAE9E29F3	NULL (NULL:0) (KERNELBASE:0x00007FFAAE9C0000) ( 0xffffffff, 0xbebed250, 0xc1330048, 0x421f920 ) 
0x00007FF9CBEB1A16	NULL (NULL:0) (asyncoremt:0x00007FF9CBEB0000) ( 0xd249c3c, 0xbebed201, 0x1, 0xbebed250 ) 
0x00007FF9CBEBC174	NULL (NULL:0) (asyncoremt:0x00007FF9CBEB0000) ( 0x1, 0xbebed380, 0x0, 0x0 ) 
0x00007FF9CBEEFECE	NULL (NULL:0) (asyncoremt:0x00007FF9CBEB0000) ( 0xc1055a40, 0xd8492f42, 0xbebc0900, 0xbee40870 ) 
0x00007FF9CBEE93F6	NULL (NULL:0) (asyncoremt:0x00007FF9CBEB0000) ( 0xbebed200, 0xc1064130, 0xbebc0900, 0xd8491d03 ) 
0x00007FF9CBEE9169	NULL (NULL:0) (asyncoremt:0x00007FF9CBEB0000) ( 0xc1064130, 0xbebc0900, 0x0, 0xc1064130 ) 
0x00007FF9CBEE952F	NULL (NULL:0) (asyncoremt:0x00007FF9CBEB0000) ( 0xc0bcbc80, 0x0, 0x0, 0x0 ) 
0x00007FFAAE4ACD30	NULL (NULL:0) (ucrtbase:0x00007FFAAE480000) ( 0x0, 0x0, 0x0, 0x0 ) 
0x00007FFAAFCDE957	NULL (NULL:0) (KERNEL32:0x00007FFAAFCB0000) ( 0x0, 0x0, 0xfffffb30, 0xfffffb30 ) 

Thread 34528
=====================
0x00007FFAB1200BB4	NULL (NULL:0) (ntdll:0x00007FFAB10A0000) ( 0x40, 0x0, 0x0, 0x0 ) 
0x00007FFAAE9E29F3	NULL (NULL:0) (KERNELBASE:0x00007FFAAE9C0000) ( 0xffffffff, 0xffffffff, 0xc1332208, 0x49cfb30 ) 
0x00007FF9CBEB1A16	NULL (NULL:0) (asyncoremt:0x00007FF9CBEB0000) ( 0xd4aa803, 0xbebee028, 0x1, 0xbebee028 ) 
0x00007FF9CBEBC174	NULL (NULL:0) (asyncoremt:0x00007FF9CBEB0000) ( 0x1, 0xbebedfd0, 0x0, 0xe7bcee0 ) 
0x00007FF9CBEEFF3E	NULL (NULL:0) (asyncoremt:0x00007FF9CBEB0000) ( 0xc1055ef0, 0xd849eb71, 0xbebedfd0, 0xc1064e30 ) 
0x00007FF9CBEE9DA6	NULL (NULL:0) (asyncoremt:0x00007FF9CBEB0000) ( 0xbebedfd0, 0xbebee160, 0xbebedfd0, 0xbebee1d0 ) 
0x00007FF9CBEE93F6	NULL (NULL:0) (asyncoremt:0x00007FF9CBEB0000) ( 0xbebedfd0, 0xc1064e30, 0xbebc0900, 0xd8491d03 ) 
0x00007FF9CBEE9169	NULL (NULL:0) (asyncoremt:0x00007FF9CBEB0000) ( 0xc1064e30, 0xbebc0900, 0x0, 0xc1064e30 ) 
0x00007FF9CBEE952F	NULL (NULL:0) (asyncoremt:0x00007FF9CBEB0000) ( 0xc0bcc070, 0x0, 0x0, 0x0 ) 
0x00007FFAAE4ACD30	NULL (NULL:0) (ucrtbase:0x00007FFAAE480000) ( 0x0, 0x0, 0x0, 0x0 ) 
0x00007FFAAFCDE957	NULL (NULL:0) (KERNEL32:0x00007FFAAFCB0000) ( 0x0, 0x0, 0xfffffb30, 0xfffffb30 ) 

Thread 20476
=====================
0x00007FFAB1203D14	NULL (NULL:0) (ntdll:0x00007FFAB10A0000) ( 0xc0c00e60, 0x1203000, 0x0, 0xc0c00e60 ) 
0x00007FFAB10F064E	NULL (NULL:0) (ntdll:0x00007FFAB10A0000) ( 0x0, 0x0, 0x0, 0x0 ) 
0x00007FFAAFCDE957	NULL (NULL:0) (KERNEL32:0x00007FFAAFCB0000) ( 0x0, 0x0, 0xfffffb30, 0xfffffb30 ) 

Thread 35084
=====================
0x00007FFAB12006E4	NULL (NULL:0) (ntdll:0x00007FFAB10A0000) ( 0xc1300048, 0xc17703f0, 0x0, 0xbd09217d ) 
0x00007FFAB116FA44	NULL (NULL:0) (ntdll:0x00007FFAB10A0000) ( 0x0, 0x0, 0xc106b2a0, 0x0 ) 
0x00007FFAAEA028D1	NULL (NULL:0) (KERNELBASE:0x00007FFAAE9C0000) ( 0x0, 0x0, 0xff676980, 0xd849eb71 ) 
0x00007FF7B68CEDDF	NULL (NULL:0) (xtop:0x00007FF7B5700000) ( 0xc1068f40, 0xc1068f40, 0x0, 0x0 ) 
0x00007FF9CBEE93F6	NULL (NULL:0) (asyncoremt:0x00007FF9CBEB0000) ( 0xc1068f40, 0xc106b310, 0x0, 0x40 ) 
0x00007FF9CBEE9169	NULL (NULL:0) (asyncoremt:0x00007FF9CBEB0000) ( 0xc106b310, 0xbebc0900, 0x0, 0xc106b310 ) 
0x00007FF9CBEE952F	NULL (NULL:0) (asyncoremt:0x00007FF9CBEB0000) ( 0xc1dcde80, 0x0, 0x0, 0x0 ) 
0x00007FFAAE4ACD30	NULL (NULL:0) (ucrtbase:0x00007FFAAE480000) ( 0x0, 0x0, 0x0, 0x0 ) 
0x00007FFAAFCDE957	NULL (NULL:0) (KERNEL32:0x00007FFAAFCB0000) ( 0x0, 0x0, 0xfffffb30, 0xfffffb30 ) 

Thread 30856
=====================
0x00007FFAB1200BB4	NULL (NULL:0) (ntdll:0x00007FFAB10A0000) ( 0x0, 0x0, 0x0, 0x0 ) 
0x00007FFAAE9E29F3	NULL (NULL:0) (KERNELBASE:0x00007FFAAE9C0000) ( 0x0, 0x0, 0x0, 0x0 ) 
0x00007FFAAE9E28C1	NULL (NULL:0) (KERNELBASE:0x00007FFAAE9C0000) ( 0x0, 0x0, 0x0, 0x0 ) 
0x00007FF7BD12F468	NULL (NULL:0) (xtop:0x00007FF7B5700000) ( 0x0, 0x0, 0x0, 0x0 ) 
0x00007FFAAFCDE957	NULL (NULL:0) (KERNEL32:0x00007FFAAFCB0000) ( 0x0, 0x0, 0xfffffb30, 0xfffffb30 ) 

Thread 31660
=====================
0x00007FFAB12000E4	NULL (NULL:0) (ntdll:0x00007FFAB10A0000) ( 0x0, 0x0, 0xbebc0a88, 0x0 ) 
0x00007FFAAE9DC11F	NULL (NULL:0) (KERNELBASE:0x00007FFAAE9C0000) ( 0xffffffff, 0xc106b5d0, 0x0, 0xac0 ) 
0x00007FF9CA57A767	NULL (NULL:0) (baselibmt:0x00007FF9CA540000) ( 0x1, 0xc106b501, 0x8, 0x40 ) 
0x00007FF9CBEE925A	NULL (NULL:0) (asyncoremt:0x00007FF9CBEB0000) ( 0xc106c780, 0xbebc0900, 0x0, 0xc106c780 ) 
0x00007FF9CBEE952F	NULL (NULL:0) (asyncoremt:0x00007FF9CBEB0000) ( 0xc0beeb00, 0x0, 0x0, 0x0 ) 
0x00007FFAAE4ACD30	NULL (NULL:0) (ucrtbase:0x00007FFAAE480000) ( 0x0, 0x0, 0x0, 0x0 ) 
0x00007FFAAFCDE957	NULL (NULL:0) (KERNEL32:0x00007FFAAFCB0000) ( 0x0, 0x0, 0xfffffb30, 0xfffffb30 ) 

Thread 23200
=====================
0x00007FFAB12000E4	NULL (NULL:0) (ntdll:0x00007FFAB10A0000) ( 0x0, 0x0, 0x0, 0x0 ) 
0x00007FFAAE9DC11F	NULL (NULL:0) (KERNELBASE:0x00007FFAAE9C0000) ( 0x2964080, 0x3284f48, 0x0, 0xa9c ) 
0x00007FF9C01E686A	NULL (NULL:0) (nvoglv64:0x00007FF9BF7B0000) ( 0x103, 0x2964080, 0x3284f48, 0x2964080 ) 
0x00007FF9BFF6A779	NULL (NULL:0) (nvoglv64:0x00007FF9BF7B0000) ( 0x0, 0x32852e4, 0x5aa0, 0x3285400 ) 
0x00007FF9BFF6A17E	NULL (NULL:0) (nvoglv64:0x00007FF9BF7B0000) ( 0x3285400, 0x0, 0x0, 0x0 ) 
0x00007FF9C01E8788	NULL (NULL:0) (nvoglv64:0x00007FF9BF7B0000) ( 0x0, 0x0, 0x0, 0x0 ) 
0x00007FFAAFCDE957	NULL (NULL:0) (KERNEL32:0x00007FFAAFCB0000) ( 0x0, 0x0, 0xfffffb30, 0xfffffb30 ) 

Thread 8096
=====================
0x00007FFAB1200BB4	NULL (NULL:0) (ntdll:0x00007FFAB10A0000) ( 0x27f, 0x0, 0x0, 0x1f80 ) 
0x00007FFAAE9E29F3	NULL (NULL:0) (KERNELBASE:0x00007FFAAE9C0000) ( 0x0, 0x0, 0xc25f0210, 0x0 ) 
0x00007FFAAE9E28C1	NULL (NULL:0) (KERNELBASE:0x00007FFAAE9C0000) ( 0x0, 0x0, 0x0, 0x0 ) 
0x00007FF9C0219897	NULL (NULL:0) (nvoglv64:0x00007FF9BF7B0000) ( 0xc25f0210, 0x0, 0x0, 0x0 ) 
0x00007FF9C0218E48	NULL (NULL:0) (nvoglv64:0x00007FF9BF7B0000) ( 0x0, 0x0, 0x0, 0x0 ) 
0x00007FFAAFCDE957	NULL (NULL:0) (KERNEL32:0x00007FFAAFCB0000) ( 0x0, 0x0, 0xfffffb30, 0xfffffb30 ) 

Thread 13800
=====================
0x00007FFAB12024B4	NULL (NULL:0) (ntdll:0x00007FFAB10A0000) ( 0x0, 0x0, 0x0, 0x0 ) 
0x00007FFAAEA21162	NULL (NULL:0) (KERNELBASE:0x00007FFAAE9C0000) ( 0xb70, 0x0, 0x0, 0x0 ) 
0x00007FF9CB8548FC	NULL (NULL:0) (libui_sh:0x00007FF9CB670000) ( 0x4, 0x1, 0x4, 0xc1fcf3d8 ) 
0x00007FFAAFCDE957	NULL (NULL:0) (KERNEL32:0x00007FFAAFCB0000) ( 0x0, 0x0, 0xfffffb30, 0xfffffb30 ) 

Thread 19392
=====================
0x00007FFAB1203D14	NULL (NULL:0) (ntdll:0x00007FFAB10A0000) ( 0x0, 0x0, 0xb10ef5b0, 0xbe731a80 ) 
0x00007FFAB10F064E	NULL (NULL:0) (ntdll:0x00007FFAB10A0000) ( 0x0, 0x0, 0x0, 0x0 ) 
0x00007FFAAFCDE957	NULL (NULL:0) (KERNEL32:0x00007FFAAFCB0000) ( 0x0, 0x0, 0xfffffb30, 0xfffffb30 ) 

Thread 25416
=====================
0x00007FFAB12000E4	NULL (NULL:0) (ntdll:0x00007FFAB10A0000) ( 0x0, 0xae9c69b0, 0x3, 0xb3d0c940 ) 
0x00007FFAAE9DC11F	NULL (NULL:0) (KERNELBASE:0x00007FFAAE9C0000) ( 0x0, 0xb271037a, 0x0, 0xc7c ) 
0x00007FF9B21A9030	NULL (NULL:0) (nvwgf2umx:0x00007FF9B1880000) ( 0x673ecc0, 0x0, 0x0, 0x0 ) 
0x00007FF9B26F00DA	NULL (NULL:0) (nvwgf2umx:0x00007FF9B1880000) ( 0x0, 0x0, 0x0, 0x0 ) 
0x00007FFAAFCDE957	NULL (NULL:0) (KERNEL32:0x00007FFAAFCB0000) ( 0x0, 0x0, 0xfffffb30, 0xfffffb30 ) 

Thread 4364
=====================
0x00007FFAB1200BB4	NULL (NULL:0) (ntdll:0x00007FFAB10A0000) ( 0x0, 0x0, 0x0, 0x0 ) 
0x00007FFAAE9E29F3	NULL (NULL:0) (KERNELBASE:0x00007FFAAE9C0000) ( 0x0, 0x0, 0x67721d0, 0x0 ) 
0x00007FFAAE9E28C1	NULL (NULL:0) (KERNELBASE:0x00007FFAAE9C0000) ( 0x0, 0x0, 0x0, 0x0 ) 
0x00007FF9B19A0456	NULL (NULL:0) (nvwgf2umx:0x00007FF9B1880000) ( 0x673e7e0, 0x0, 0x673e7e0, 0x0 ) 
0x00007FF9B26F00DA	NULL (NULL:0) (nvwgf2umx:0x00007FF9B1880000) ( 0x0, 0x0, 0x0, 0x0 ) 
0x00007FFAAFCDE957	NULL (NULL:0) (KERNEL32:0x00007FFAAFCB0000) ( 0x0, 0x0, 0xfffffb30, 0xfffffb30 ) 

Thread 26392
=====================
0x00007FFAB12000E4	NULL (NULL:0) (ntdll:0x00007FFAB10A0000) ( 0x0, 0xb1204084, 0x0, 0x0 ) 
0x00007FFAAE9DC11F	NULL (NULL:0) (KERNELBASE:0x00007FFAAE9C0000) ( 0x67c6200, 0xcc7fd00, 0x0, 0xd1c ) 
0x00007FF9B220BC8F	NULL (NULL:0) (nvwgf2umx:0x00007FF9B1880000) ( 0x673ede0, 0x673ede0, 0x0, 0x0 ) 
0x00007FF9B26F00DA	NULL (NULL:0) (nvwgf2umx:0x00007FF9B1880000) ( 0x0, 0x0, 0x0, 0x0 ) 
0x00007FFAAFCDE957	NULL (NULL:0) (KERNEL32:0x00007FFAAFCB0000) ( 0x0, 0x0, 0xfffffb30, 0xfffffb30 ) 

Thread 36516
=====================
0x00007FFAB12000E4	NULL (NULL:0) (ntdll:0x00007FFAB10A0000) ( 0x0, 0x0, 0x0, 0x0 ) 
0x00007FFAAE9DC11F	NULL (NULL:0) (KERNELBASE:0x00007FFAAE9C0000) ( 0x0, 0x0, 0x0, 0xd44 ) 
0x00007FF9B2185058	NULL (NULL:0) (nvwgf2umx:0x00007FF9B1880000) ( 0x0, 0x0, 0x6741f30, 0x0 ) 
0x00007FF9B2184F7F	NULL (NULL:0) (nvwgf2umx:0x00007FF9B1880000) ( 0x6741f30, 0x0, 0x0, 0x0 ) 
0x00007FF9B26F00DA	NULL (NULL:0) (nvwgf2umx:0x00007FF9B1880000) ( 0x0, 0x0, 0x0, 0x0 ) 
0x00007FFAAFCDE957	NULL (NULL:0) (KERNEL32:0x00007FFAAFCB0000) ( 0x0, 0x0, 0xfffffb30, 0xfffffb30 ) 

Thread 30984
=====================
0x00007FFAB12000E4	NULL (NULL:0) (ntdll:0x00007FFAB10A0000) ( 0x0, 0x0, 0x0, 0x0 ) 
0x00007FFAAE9DC11F	NULL (NULL:0) (KERNELBASE:0x00007FFAAE9C0000) ( 0x0, 0x0, 0x0, 0xd44 ) 
0x00007FF9B2185058	NULL (NULL:0) (nvwgf2umx:0x00007FF9B1880000) ( 0x0, 0x1, 0x67415d0, 0x0 ) 
0x00007FF9B2184F7F	NULL (NULL:0) (nvwgf2umx:0x00007FF9B1880000) ( 0x67415d0, 0x0, 0x0, 0x0 ) 
0x00007FF9B26F00DA	NULL (NULL:0) (nvwgf2umx:0x00007FF9B1880000) ( 0x0, 0x0, 0x0, 0x0 ) 
0x00007FFAAFCDE957	NULL (NULL:0) (KERNEL32:0x00007FFAAFCB0000) ( 0x0, 0x0, 0xfffffb30, 0xfffffb30 ) 

Thread 21308
=====================
0x00007FFAB12000E4	NULL (NULL:0) (ntdll:0x00007FFAB10A0000) ( 0x0, 0x0, 0x0, 0x0 ) 
0x00007FFAAE9DC11F	NULL (NULL:0) (KERNELBASE:0x00007FFAAE9C0000) ( 0x0, 0x0, 0x0, 0xd44 ) 
0x00007FF9B2185058	NULL (NULL:0) (nvwgf2umx:0x00007FF9B1880000) ( 0x0, 0x2, 0x6741e40, 0x0 ) 
0x00007FF9B2184F7F	NULL (NULL:0) (nvwgf2umx:0x00007FF9B1880000) ( 0x6741e40, 0x0, 0x0, 0x0 ) 
0x00007FF9B26F00DA	NULL (NULL:0) (nvwgf2umx:0x00007FF9B1880000) ( 0x0, 0x0, 0x0, 0x0 ) 
0x00007FFAAFCDE957	NULL (NULL:0) (KERNEL32:0x00007FFAAFCB0000) ( 0x0, 0x0, 0xfffffb30, 0xfffffb30 ) 

Thread 28652
=====================
0x00007FFAB12000E4	NULL (NULL:0) (ntdll:0x00007FFAB10A0000) ( 0x0, 0x0, 0x0, 0x0 ) 
0x00007FFAAE9DC11F	NULL (NULL:0) (KERNELBASE:0x00007FFAAE9C0000) ( 0x0, 0x0, 0x0, 0xd44 ) 
0x00007FF9B2185058	NULL (NULL:0) (nvwgf2umx:0x00007FF9B1880000) ( 0x0, 0x3, 0x67418a0, 0x0 ) 
0x00007FF9B2184F7F	NULL (NULL:0) (nvwgf2umx:0x00007FF9B1880000) ( 0x67418a0, 0x0, 0x0, 0x0 ) 
0x00007FF9B26F00DA	NULL (NULL:0) (nvwgf2umx:0x00007FF9B1880000) ( 0x0, 0x0, 0x0, 0x0 ) 
0x00007FFAAFCDE957	NULL (NULL:0) (KERNEL32:0x00007FFAAFCB0000) ( 0x0, 0x0, 0xfffffb30, 0xfffffb30 ) 

Thread 37824
=====================
0x00007FFAB12000E4	NULL (NULL:0) (ntdll:0x00007FFAB10A0000) ( 0x0, 0x0, 0x0, 0x0 ) 
0x00007FFAAE9DC11F	NULL (NULL:0) (KERNELBASE:0x00007FFAAE9C0000) ( 0x0, 0x0, 0x0, 0xd44 ) 
0x00007FF9B2185058	NULL (NULL:0) (nvwgf2umx:0x00007FF9B1880000) ( 0x0, 0x4, 0x67418d0, 0x0 ) 
0x00007FF9B2184F7F	NULL (NULL:0) (nvwgf2umx:0x00007FF9B1880000) ( 0x67418d0, 0x0, 0x0, 0x0 ) 
0x00007FF9B26F00DA	NULL (NULL:0) (nvwgf2umx:0x00007FF9B1880000) ( 0x0, 0x0, 0x0, 0x0 ) 
0x00007FFAAFCDE957	NULL (NULL:0) (KERNEL32:0x00007FFAAFCB0000) ( 0x0, 0x0, 0xfffffb30, 0xfffffb30 ) 

Thread 36488
=====================
0x00007FFAB12000E4	NULL (NULL:0) (ntdll:0x00007FFAB10A0000) ( 0x0, 0x0, 0x0, 0x0 ) 
0x00007FFAAE9DC11F	NULL (NULL:0) (KERNELBASE:0x00007FFAAE9C0000) ( 0x0, 0x0, 0x0, 0xd44 ) 
0x00007FF9B2185058	NULL (NULL:0) (nvwgf2umx:0x00007FF9B1880000) ( 0x0, 0x5, 0x6741630, 0x0 ) 
0x00007FF9B2184F7F	NULL (NULL:0) (nvwgf2umx:0x00007FF9B1880000) ( 0x6741630, 0x0, 0x0, 0x0 ) 
0x00007FF9B26F00DA	NULL (NULL:0) (nvwgf2umx:0x00007FF9B1880000) ( 0x0, 0x0, 0x0, 0x0 ) 
0x00007FFAAFCDE957	NULL (NULL:0) (KERNEL32:0x00007FFAAFCB0000) ( 0x0, 0x0, 0xfffffb30, 0xfffffb30 ) 

Thread 18960
=====================
0x00007FFAB12000E4	NULL (NULL:0) (ntdll:0x00007FFAB10A0000) ( 0x0, 0x0, 0x0, 0x0 ) 
0x00007FFAAE9DC11F	NULL (NULL:0) (KERNELBASE:0x00007FFAAE9C0000) ( 0x0, 0x0, 0x0, 0xd44 ) 
0x00007FF9B2185058	NULL (NULL:0) (nvwgf2umx:0x00007FF9B1880000) ( 0x0, 0x6, 0x6741870, 0x0 ) 
0x00007FF9B2184F7F	NULL (NULL:0) (nvwgf2umx:0x00007FF9B1880000) ( 0x6741870, 0x0, 0x0, 0x0 ) 
0x00007FF9B26F00DA	NULL (NULL:0) (nvwgf2umx:0x00007FF9B1880000) ( 0x0, 0x0, 0x0, 0x0 ) 
0x00007FFAAFCDE957	NULL (NULL:0) (KERNEL32:0x00007FFAAFCB0000) ( 0x0, 0x0, 0xfffffb30, 0xfffffb30 ) 

Thread 12736
=====================
0x00007FFAB12000E4	NULL (NULL:0) (ntdll:0x00007FFAB10A0000) ( 0x0, 0x0, 0x0, 0x0 ) 
0x00007FFAAE9DC11F	NULL (NULL:0) (KERNELBASE:0x00007FFAAE9C0000) ( 0x0, 0x0, 0x0, 0xd44 ) 
0x00007FF9B2185058	NULL (NULL:0) (nvwgf2umx:0x00007FF9B1880000) ( 0x0, 0x7, 0x6741ab0, 0x0 ) 
0x00007FF9B2184F7F	NULL (NULL:0) (nvwgf2umx:0x00007FF9B1880000) ( 0x6741ab0, 0x0, 0x0, 0x0 ) 
0x00007FF9B26F00DA	NULL (NULL:0) (nvwgf2umx:0x00007FF9B1880000) ( 0x0, 0x0, 0x0, 0x0 ) 
0x00007FFAAFCDE957	NULL (NULL:0) (KERNEL32:0x00007FFAAFCB0000) ( 0x0, 0x0, 0xfffffb30, 0xfffffb30 ) 

Thread 21472
=====================
0x00007FFAB12000E4	NULL (NULL:0) (ntdll:0x00007FFAB10A0000) ( 0x0, 0x0, 0x0, 0x0 ) 
0x00007FFAAE9DC11F	NULL (NULL:0) (KERNELBASE:0x00007FFAAE9C0000) ( 0x0, 0x0, 0x0, 0xd44 ) 
0x00007FF9B2185058	NULL (NULL:0) (nvwgf2umx:0x00007FF9B1880000) ( 0x0, 0x8, 0x6741d50, 0x0 ) 
0x00007FF9B2184F7F	NULL (NULL:0) (nvwgf2umx:0x00007FF9B1880000) ( 0x6741d50, 0x0, 0x0, 0x0 ) 
0x00007FF9B26F00DA	NULL (NULL:0) (nvwgf2umx:0x00007FF9B1880000) ( 0x0, 0x0, 0x0, 0x0 ) 
0x00007FFAAFCDE957	NULL (NULL:0) (KERNEL32:0x00007FFAAFCB0000) ( 0x0, 0x0, 0xfffffb30, 0xfffffb30 ) 

Thread 36148
=====================
0x00007FFAB12000E4	NULL (NULL:0) (ntdll:0x00007FFAB10A0000) ( 0x0, 0x0, 0x0, 0x0 ) 
0x00007FFAAE9DC11F	NULL (NULL:0) (KERNELBASE:0x00007FFAAE9C0000) ( 0x0, 0x0, 0x0, 0xd44 ) 
0x00007FF9B2185058	NULL (NULL:0) (nvwgf2umx:0x00007FF9B1880000) ( 0x0, 0x9, 0x6741f90, 0x0 ) 
0x00007FF9B2184F7F	NULL (NULL:0) (nvwgf2umx:0x00007FF9B1880000) ( 0x6741f90, 0x0, 0x0, 0x0 ) 
0x00007FF9B26F00DA	NULL (NULL:0) (nvwgf2umx:0x00007FF9B1880000) ( 0x0, 0x0, 0x0, 0x0 ) 
0x00007FFAAFCDE957	NULL (NULL:0) (KERNEL32:0x00007FFAAFCB0000) ( 0x0, 0x0, 0xfffffb30, 0xfffffb30 ) 

Thread 35096
=====================
0x00007FFAB12000E4	NULL (NULL:0) (ntdll:0x00007FFAB10A0000) ( 0x0, 0x0, 0x0, 0x0 ) 
0x00007FFAAE9DC11F	NULL (NULL:0) (KERNELBASE:0x00007FFAAE9C0000) ( 0x0, 0x0, 0x0, 0xd44 ) 
0x00007FF9B2185058	NULL (NULL:0) (nvwgf2umx:0x00007FF9B1880000) ( 0x0, 0xa, 0x6741720, 0x0 ) 
0x00007FF9B2184F7F	NULL (NULL:0) (nvwgf2umx:0x00007FF9B1880000) ( 0x6741720, 0x0, 0x0, 0x0 ) 
0x00007FF9B26F00DA	NULL (NULL:0) (nvwgf2umx:0x00007FF9B1880000) ( 0x0, 0x0, 0x0, 0x0 ) 
0x00007FFAAFCDE957	NULL (NULL:0) (KERNEL32:0x00007FFAAFCB0000) ( 0x0, 0x0, 0xfffffb30, 0xfffffb30 ) 

Thread 26432
=====================
0x00007FFAB12000E4	NULL (NULL:0) (ntdll:0x00007FFAB10A0000) ( 0x0, 0x0, 0x0, 0x0 ) 
0x00007FFAAE9DC11F	NULL (NULL:0) (KERNELBASE:0x00007FFAAE9C0000) ( 0x0, 0x0, 0x0, 0xd44 ) 
0x00007FF9B2185058	NULL (NULL:0) (nvwgf2umx:0x00007FF9B1880000) ( 0x0, 0xb, 0x6741cf0, 0x0 ) 
0x00007FF9B2184F7F	NULL (NULL:0) (nvwgf2umx:0x00007FF9B1880000) ( 0x6741cf0, 0x0, 0x0, 0x0 ) 
0x00007FF9B26F00DA	NULL (NULL:0) (nvwgf2umx:0x00007FF9B1880000) ( 0x0, 0x0, 0x0, 0x0 ) 
0x00007FFAAFCDE957	NULL (NULL:0) (KERNEL32:0x00007FFAAFCB0000) ( 0x0, 0x0, 0xfffffb30, 0xfffffb30 ) 

Thread 2528
=====================
0x00007FFAB12000E4	NULL (NULL:0) (ntdll:0x00007FFAB10A0000) ( 0x0, 0x0, 0x0, 0x0 ) 
0x00007FFAAE9DC11F	NULL (NULL:0) (KERNELBASE:0x00007FFAAE9C0000) ( 0x0, 0x0, 0x0, 0xd44 ) 
0x00007FF9B2185058	NULL (NULL:0) (nvwgf2umx:0x00007FF9B1880000) ( 0x0, 0xc, 0x6741c90, 0x0 ) 
0x00007FF9B2184F7F	NULL (NULL:0) (nvwgf2umx:0x00007FF9B1880000) ( 0x6741c90, 0x0, 0x0, 0x0 ) 
0x00007FF9B26F00DA	NULL (NULL:0) (nvwgf2umx:0x00007FF9B1880000) ( 0x0, 0x0, 0x0, 0x0 ) 
0x00007FFAAFCDE957	NULL (NULL:0) (KERNEL32:0x00007FFAAFCB0000) ( 0x0, 0x0, 0xfffffb30, 0xfffffb30 ) 

Thread 28344
=====================
0x00007FFAB12000E4	NULL (NULL:0) (ntdll:0x00007FFAB10A0000) ( 0x0, 0x0, 0x0, 0x0 ) 
0x00007FFAAE9DC11F	NULL (NULL:0) (KERNELBASE:0x00007FFAAE9C0000) ( 0x0, 0x0, 0x0, 0xd44 ) 
0x00007FF9B2185058	NULL (NULL:0) (nvwgf2umx:0x00007FF9B1880000) ( 0x0, 0xd, 0x67417e0, 0x0 ) 
0x00007FF9B2184F7F	NULL (NULL:0) (nvwgf2umx:0x00007FF9B1880000) ( 0x67417e0, 0x0, 0x0, 0x0 ) 
0x00007FF9B26F00DA	NULL (NULL:0) (nvwgf2umx:0x00007FF9B1880000) ( 0x0, 0x0, 0x0, 0x0 ) 
0x00007FFAAFCDE957	NULL (NULL:0) (KERNEL32:0x00007FFAAFCB0000) ( 0x0, 0x0, 0xfffffb30, 0xfffffb30 ) 

Thread 39816
=====================
0x00007FFAB12000E4	NULL (NULL:0) (ntdll:0x00007FFAB10A0000) ( 0x0, 0x0, 0x0, 0x0 ) 
0x00007FFAAE9DC11F	NULL (NULL:0) (KERNELBASE:0x00007FFAAE9C0000) ( 0x0, 0x0, 0x0, 0xd44 ) 
0x00007FF9B2185058	NULL (NULL:0) (nvwgf2umx:0x00007FF9B1880000) ( 0x0, 0xe, 0x6741fc0, 0x0 ) 
0x00007FF9B2184F7F	NULL (NULL:0) (nvwgf2umx:0x00007FF9B1880000) ( 0x6741fc0, 0x0, 0x0, 0x0 ) 
0x00007FF9B26F00DA	NULL (NULL:0) (nvwgf2umx:0x00007FF9B1880000) ( 0x0, 0x0, 0x0, 0x0 ) 
0x00007FFAAFCDE957	NULL (NULL:0) (KERNEL32:0x00007FFAAFCB0000) ( 0x0, 0x0, 0xfffffb30, 0xfffffb30 ) 

Thread 26508
=====================
0x00007FFAB12000E4	NULL (NULL:0) (ntdll:0x00007FFAB10A0000) ( 0x0, 0x0, 0x0, 0x0 ) 
0x00007FFAAE9DC11F	NULL (NULL:0) (KERNELBASE:0x00007FFAAE9C0000) ( 0x0, 0x0, 0x0, 0xd44 ) 
0x00007FF9B2185058	NULL (NULL:0) (nvwgf2umx:0x00007FF9B1880000) ( 0x0, 0xf, 0x6741540, 0x0 ) 
0x00007FF9B2184F7F	NULL (NULL:0) (nvwgf2umx:0x00007FF9B1880000) ( 0x6741540, 0x0, 0x0, 0x0 ) 
0x00007FF9B26F00DA	NULL (NULL:0) (nvwgf2umx:0x00007FF9B1880000) ( 0x0, 0x0, 0x0, 0x0 ) 
0x00007FFAAFCDE957	NULL (NULL:0) (KERNEL32:0x00007FFAAFCB0000) ( 0x0, 0x0, 0xfffffb30, 0xfffffb30 ) 

Thread 17544
=====================
0x00007FFAB12000E4	NULL (NULL:0) (ntdll:0x00007FFAB10A0000) ( 0x0, 0x0, 0x0, 0x0 ) 
0x00007FFAAE9DC11F	NULL (NULL:0) (KERNELBASE:0x00007FFAAE9C0000) ( 0x0, 0x0, 0x0, 0xd44 ) 
0x00007FF9B2185058	NULL (NULL:0) (nvwgf2umx:0x00007FF9B1880000) ( 0x0, 0x10, 0x6741780, 0x0 ) 
0x00007FF9B2184F7F	NULL (NULL:0) (nvwgf2umx:0x00007FF9B1880000) ( 0x6741780, 0x0, 0x0, 0x0 ) 
0x00007FF9B26F00DA	NULL (NULL:0) (nvwgf2umx:0x00007FF9B1880000) ( 0x0, 0x0, 0x0, 0x0 ) 
0x00007FFAAFCDE957	NULL (NULL:0) (KERNEL32:0x00007FFAAFCB0000) ( 0x0, 0x0, 0xfffffb30, 0xfffffb30 ) 

Thread 17420
=====================
0x00007FFAB12000E4	NULL (NULL:0) (ntdll:0x00007FFAB10A0000) ( 0x0, 0x0, 0x0, 0x0 ) 
0x00007FFAAE9DC11F	NULL (NULL:0) (KERNELBASE:0x00007FFAAE9C0000) ( 0x0, 0x0, 0x0, 0xd44 ) 
0x00007FF9B2185058	NULL (NULL:0) (nvwgf2umx:0x00007FF9B1880000) ( 0x0, 0x11, 0x6741ae0, 0x0 ) 
0x00007FF9B2184F7F	NULL (NULL:0) (nvwgf2umx:0x00007FF9B1880000) ( 0x6741ae0, 0x0, 0x0, 0x0 ) 
0x00007FF9B26F00DA	NULL (NULL:0) (nvwgf2umx:0x00007FF9B1880000) ( 0x0, 0x0, 0x0, 0x0 ) 
0x00007FFAAFCDE957	NULL (NULL:0) (KERNEL32:0x00007FFAAFCB0000) ( 0x0, 0x0, 0xfffffb30, 0xfffffb30 ) 

Thread 35176
=====================
0x00007FFAB12000E4	NULL (NULL:0) (ntdll:0x00007FFAB10A0000) ( 0x0, 0x0, 0x0, 0x0 ) 
0x00007FFAAE9DC11F	NULL (NULL:0) (KERNELBASE:0x00007FFAAE9C0000) ( 0x0, 0x0, 0x0, 0xd44 ) 
0x00007FF9B2185058	NULL (NULL:0) (nvwgf2umx:0x00007FF9B1880000) ( 0x0, 0x12, 0x6741d80, 0x0 ) 
0x00007FF9B2184F7F	NULL (NULL:0) (nvwgf2umx:0x00007FF9B1880000) ( 0x6741d80, 0x0, 0x0, 0x0 ) 
0x00007FF9B26F00DA	NULL (NULL:0) (nvwgf2umx:0x00007FF9B1880000) ( 0x0, 0x0, 0x0, 0x0 ) 
0x00007FFAAFCDE957	NULL (NULL:0) (KERNEL32:0x00007FFAAFCB0000) ( 0x0, 0x0, 0xfffffb30, 0xfffffb30 ) 

Thread 37440
=====================
0x00007FFAB12000E4	NULL (NULL:0) (ntdll:0x00007FFAB10A0000) ( 0x0, 0x0, 0x0, 0x0 ) 
0x00007FFAAE9DC11F	NULL (NULL:0) (KERNELBASE:0x00007FFAAE9C0000) ( 0x0, 0x0, 0x0, 0xd44 ) 
0x00007FF9B2185058	NULL (NULL:0) (nvwgf2umx:0x00007FF9B1880000) ( 0x0, 0x13, 0x6741db0, 0x0 ) 
0x00007FF9B2184F7F	NULL (NULL:0) (nvwgf2umx:0x00007FF9B1880000) ( 0x6741db0, 0x0, 0x0, 0x0 ) 
0x00007FF9B26F00DA	NULL (NULL:0) (nvwgf2umx:0x00007FF9B1880000) ( 0x0, 0x0, 0x0, 0x0 ) 
0x00007FFAAFCDE957	NULL (NULL:0) (KERNEL32:0x00007FFAAFCB0000) ( 0x0, 0x0, 0xfffffb30, 0xfffffb30 ) 

Thread 21204
=====================
0x00007FFAB12000E4	NULL (NULL:0) (ntdll:0x00007FFAB10A0000) ( 0x0, 0x0, 0x0, 0x0 ) 
0x00007FFAAE9DC11F	NULL (NULL:0) (KERNELBASE:0x00007FFAAE9C0000) ( 0x0, 0x0, 0x0, 0xd44 ) 
0x00007FF9B2185058	NULL (NULL:0) (nvwgf2umx:0x00007FF9B1880000) ( 0x0, 0x14, 0x6741bd0, 0x0 ) 
0x00007FF9B2184F7F	NULL (NULL:0) (nvwgf2umx:0x00007FF9B1880000) ( 0x6741bd0, 0x0, 0x0, 0x0 ) 
0x00007FF9B26F00DA	NULL (NULL:0) (nvwgf2umx:0x00007FF9B1880000) ( 0x0, 0x0, 0x0, 0x0 ) 
0x00007FFAAFCDE957	NULL (NULL:0) (KERNEL32:0x00007FFAAFCB0000) ( 0x0, 0x0, 0xfffffb30, 0xfffffb30 ) 

Thread 27832
=====================
0x00007FFAB12000E4	NULL (NULL:0) (ntdll:0x00007FFAB10A0000) ( 0x0, 0x0, 0x0, 0x0 ) 
0x00007FFAAE9DC11F	NULL (NULL:0) (KERNELBASE:0x00007FFAAE9C0000) ( 0x0, 0x0, 0x0, 0xd44 ) 
0x00007FF9B2185058	NULL (NULL:0) (nvwgf2umx:0x00007FF9B1880000) ( 0x0, 0x15, 0x6741ea0, 0x0 ) 
0x00007FF9B2184F7F	NULL (NULL:0) (nvwgf2umx:0x00007FF9B1880000) ( 0x6741ea0, 0x0, 0x0, 0x0 ) 
0x00007FF9B26F00DA	NULL (NULL:0) (nvwgf2umx:0x00007FF9B1880000) ( 0x0, 0x0, 0x0, 0x0 ) 
0x00007FFAAFCDE957	NULL (NULL:0) (KERNEL32:0x00007FFAAFCB0000) ( 0x0, 0x0, 0xfffffb30, 0xfffffb30 ) 

Thread 32980
=====================
0x00007FFAB12000E4	NULL (NULL:0) (ntdll:0x00007FFAB10A0000) ( 0x0, 0x0, 0x0, 0x0 ) 
0x00007FFAAE9DC11F	NULL (NULL:0) (KERNELBASE:0x00007FFAAE9C0000) ( 0x0, 0x0, 0x0, 0xd44 ) 
0x00007FF9B2185058	NULL (NULL:0) (nvwgf2umx:0x00007FF9B1880000) ( 0x0, 0x16, 0x6741600, 0x0 ) 
0x00007FF9B2184F7F	NULL (NULL:0) (nvwgf2umx:0x00007FF9B1880000) ( 0x6741600, 0x0, 0x0, 0x0 ) 
0x00007FF9B26F00DA	NULL (NULL:0) (nvwgf2umx:0x00007FF9B1880000) ( 0x0, 0x0, 0x0, 0x0 ) 
0x00007FFAAFCDE957	NULL (NULL:0) (KERNEL32:0x00007FFAAFCB0000) ( 0x0, 0x0, 0xfffffb30, 0xfffffb30 ) 

Thread 7172
=====================
0x00007FFAB12000E4	NULL (NULL:0) (ntdll:0x00007FFAB10A0000) ( 0x0, 0x0, 0x0, 0x0 ) 
0x00007FFAAE9DC11F	NULL (NULL:0) (KERNELBASE:0x00007FFAAE9C0000) ( 0x0, 0x0, 0x0, 0xd44 ) 
0x00007FF9B2185058	NULL (NULL:0) (nvwgf2umx:0x00007FF9B1880000) ( 0x0, 0x17, 0x67420b0, 0x0 ) 
0x00007FF9B2184F7F	NULL (NULL:0) (nvwgf2umx:0x00007FF9B1880000) ( 0x67420b0, 0x0, 0x0, 0x0 ) 
0x00007FF9B26F00DA	NULL (NULL:0) (nvwgf2umx:0x00007FF9B1880000) ( 0x0, 0x0, 0x0, 0x0 ) 
0x00007FFAAFCDE957	NULL (NULL:0) (KERNEL32:0x00007FFAAFCB0000) ( 0x0, 0x0, 0xfffffb30, 0xfffffb30 ) 

Thread 26664
=====================
0x00007FFAB12000E4	NULL (NULL:0) (ntdll:0x00007FFAB10A0000) ( 0x0, 0x0, 0x0, 0x0 ) 
0x00007FFAAE9DC11F	NULL (NULL:0) (KERNELBASE:0x00007FFAAE9C0000) ( 0x0, 0x0, 0x0, 0xd44 ) 
0x00007FF9B2185058	NULL (NULL:0) (nvwgf2umx:0x00007FF9B1880000) ( 0x0, 0x18, 0x6741ed0, 0x0 ) 
0x00007FF9B2184F7F	NULL (NULL:0) (nvwgf2umx:0x00007FF9B1880000) ( 0x6741ed0, 0x0, 0x0, 0x0 ) 
0x00007FF9B26F00DA	NULL (NULL:0) (nvwgf2umx:0x00007FF9B1880000) ( 0x0, 0x0, 0x0, 0x0 ) 
0x00007FFAAFCDE957	NULL (NULL:0) (KERNEL32:0x00007FFAAFCB0000) ( 0x0, 0x0, 0xfffffb30, 0xfffffb30 ) 

Thread 14244
=====================
0x00007FFAB12000E4	NULL (NULL:0) (ntdll:0x00007FFAB10A0000) ( 0x0, 0x0, 0x0, 0x0 ) 
0x00007FFAAE9DC11F	NULL (NULL:0) (KERNELBASE:0x00007FFAAE9C0000) ( 0x0, 0x0, 0x0, 0xd44 ) 
0x00007FF9B2185058	NULL (NULL:0) (nvwgf2umx:0x00007FF9B1880000) ( 0x0, 0x19, 0x6741750, 0x0 ) 
0x00007FF9B2184F7F	NULL (NULL:0) (nvwgf2umx:0x00007FF9B1880000) ( 0x6741750, 0x0, 0x0, 0x0 ) 
0x00007FF9B26F00DA	NULL (NULL:0) (nvwgf2umx:0x00007FF9B1880000) ( 0x0, 0x0, 0x0, 0x0 ) 
0x00007FFAAFCDE957	NULL (NULL:0) (KERNEL32:0x00007FFAAFCB0000) ( 0x0, 0x0, 0xfffffb30, 0xfffffb30 ) 

Thread 32012
=====================
0x00007FFAB12000E4	NULL (NULL:0) (ntdll:0x00007FFAB10A0000) ( 0x0, 0x0, 0x0, 0x0 ) 
0x00007FFAAE9DC11F	NULL (NULL:0) (KERNELBASE:0x00007FFAAE9C0000) ( 0x0, 0x0, 0x0, 0xd44 ) 
0x00007FF9B2185058	NULL (NULL:0) (nvwgf2umx:0x00007FF9B1880000) ( 0x0, 0x1a, 0x67417b0, 0x0 ) 
0x00007FF9B2184F7F	NULL (NULL:0) (nvwgf2umx:0x00007FF9B1880000) ( 0x67417b0, 0x0, 0x0, 0x0 ) 
0x00007FF9B26F00DA	NULL (NULL:0) (nvwgf2umx:0x00007FF9B1880000) ( 0x0, 0x0, 0x0, 0x0 ) 
0x00007FFAAFCDE957	NULL (NULL:0) (KERNEL32:0x00007FFAAFCB0000) ( 0x0, 0x0, 0xfffffb30, 0xfffffb30 ) 

Thread 2500
=====================
0x00007FFAB12000E4	NULL (NULL:0) (ntdll:0x00007FFAB10A0000) ( 0x0, 0x0, 0x0, 0x0 ) 
0x00007FFAAE9DC11F	NULL (NULL:0) (KERNELBASE:0x00007FFAAE9C0000) ( 0x0, 0x0, 0x0, 0xd44 ) 
0x00007FF9B2185058	NULL (NULL:0) (nvwgf2umx:0x00007FF9B1880000) ( 0x0, 0x1b, 0x6741a50, 0x0 ) 
0x00007FF9B2184F7F	NULL (NULL:0) (nvwgf2umx:0x00007FF9B1880000) ( 0x6741a50, 0x0, 0x0, 0x0 ) 
0x00007FF9B26F00DA	NULL (NULL:0) (nvwgf2umx:0x00007FF9B1880000) ( 0x0, 0x0, 0x0, 0x0 ) 
0x00007FFAAFCDE957	NULL (NULL:0) (KERNEL32:0x00007FFAAFCB0000) ( 0x0, 0x0, 0xfffffb30, 0xfffffb30 ) 

Thread 22176
=====================
0x00007FFAB12000E4	NULL (NULL:0) (ntdll:0x00007FFAB10A0000) ( 0x0, 0x0, 0x0, 0x0 ) 
0x00007FFAAE9DC11F	NULL (NULL:0) (KERNELBASE:0x00007FFAAE9C0000) ( 0x0, 0x0, 0x0, 0xd44 ) 
0x00007FF9B2185058	NULL (NULL:0) (nvwgf2umx:0x00007FF9B1880000) ( 0x0, 0x1c, 0x6741900, 0x0 ) 
0x00007FF9B2184F7F	NULL (NULL:0) (nvwgf2umx:0x00007FF9B1880000) ( 0x6741900, 0x0, 0x0, 0x0 ) 
0x00007FF9B26F00DA	NULL (NULL:0) (nvwgf2umx:0x00007FF9B1880000) ( 0x0, 0x0, 0x0, 0x0 ) 
0x00007FFAAFCDE957	NULL (NULL:0) (KERNEL32:0x00007FFAAFCB0000) ( 0x0, 0x0, 0xfffffb30, 0xfffffb30 ) 

Thread 33172
=====================
0x00007FFAB12000E4	NULL (NULL:0) (ntdll:0x00007FFAB10A0000) ( 0x0, 0x0, 0x0, 0x0 ) 
0x00007FFAAE9DC11F	NULL (NULL:0) (KERNELBASE:0x00007FFAAE9C0000) ( 0x0, 0x0, 0x0, 0xd44 ) 
0x00007FF9B2185058	NULL (NULL:0) (nvwgf2umx:0x00007FF9B1880000) ( 0x0, 0x1d, 0x67416f0, 0x0 ) 
0x00007FF9B2184F7F	NULL (NULL:0) (nvwgf2umx:0x00007FF9B1880000) ( 0x67416f0, 0x0, 0x0, 0x0 ) 
0x00007FF9B26F00DA	NULL (NULL:0) (nvwgf2umx:0x00007FF9B1880000) ( 0x0, 0x0, 0x0, 0x0 ) 
0x00007FFAAFCDE957	NULL (NULL:0) (KERNEL32:0x00007FFAAFCB0000) ( 0x0, 0x0, 0xfffffb30, 0xfffffb30 ) 

Thread 22476
=====================
0x00007FFAB12000E4	NULL (NULL:0) (ntdll:0x00007FFAB10A0000) ( 0x0, 0x0, 0x0, 0x0 ) 
0x00007FFAAE9DC11F	NULL (NULL:0) (KERNELBASE:0x00007FFAAE9C0000) ( 0x0, 0x0, 0x0, 0xd44 ) 
0x00007FF9B2185058	NULL (NULL:0) (nvwgf2umx:0x00007FF9B1880000) ( 0x0, 0x1e, 0x67419c0, 0x0 ) 
0x00007FF9B2184F7F	NULL (NULL:0) (nvwgf2umx:0x00007FF9B1880000) ( 0x67419c0, 0x0, 0x0, 0x0 ) 
0x00007FF9B26F00DA	NULL (NULL:0) (nvwgf2umx:0x00007FF9B1880000) ( 0x0, 0x0, 0x0, 0x0 ) 
0x00007FFAAFCDE957	NULL (NULL:0) (KERNEL32:0x00007FFAAFCB0000) ( 0x0, 0x0, 0xfffffb30, 0xfffffb30 ) 

Thread 3872
=====================
0x00007FFAB12000E4	NULL (NULL:0) (ntdll:0x00007FFAB10A0000) ( 0x0, 0x0, 0x0, 0x0 ) 
0x00007FFAAE9DC11F	NULL (NULL:0) (KERNELBASE:0x00007FFAAE9C0000) ( 0x0, 0x0, 0x0, 0xd44 ) 
0x00007FF9B2185058	NULL (NULL:0) (nvwgf2umx:0x00007FF9B1880000) ( 0x0, 0x1f, 0x67414e0, 0x0 ) 
0x00007FF9B2184F7F	NULL (NULL:0) (nvwgf2umx:0x00007FF9B1880000) ( 0x67414e0, 0x0, 0x0, 0x0 ) 
0x00007FF9B26F00DA	NULL (NULL:0) (nvwgf2umx:0x00007FF9B1880000) ( 0x0, 0x0, 0x0, 0x0 ) 
0x00007FFAAFCDE957	NULL (NULL:0) (KERNEL32:0x00007FFAAFCB0000) ( 0x0, 0x0, 0xfffffb30, 0xfffffb30 ) 

Thread 20728
=====================
0x00007FFAB1200BB4	NULL (NULL:0) (ntdll:0x00007FFAB10A0000) ( 0x6d782022, 0x6d677775, 0x2f3a7074, 0x6374702e ) 
0x00007FFAAE9E29F3	NULL (NULL:0) (KERNELBASE:0x00007FFAAE9C0000) ( 0xffffffff, 0x518f0e18, 0x51a10048, 0xdcbf8e0 ) 
0x00007FF9CBEB1A16	NULL (NULL:0) (asyncoremt:0x00007FF9CBEB0000) ( 0x5718cc87, 0x0, 0x0, 0x518f0e18 ) 
0x00007FF9CBEBC174	NULL (NULL:0) (asyncoremt:0x00007FF9CBEB0000) ( 0x1, 0x1, 0xc1078108, 0x0 ) 
0x00007FF9CBEC4399	NULL (NULL:0) (asyncoremt:0x00007FF9CBEB0000) ( 0x0, 0x0, 0xc107ae08, 0x0 ) 
0x00007FF9CBEE93F6	NULL (NULL:0) (asyncoremt:0x00007FF9CBEB0000) ( 0xc107ae08, 0xc1074470, 0x0, 0x40 ) 
0x00007FF9CBEE9169	NULL (NULL:0) (asyncoremt:0x00007FF9CBEB0000) ( 0xc1074470, 0xbebc0900, 0x0, 0xc1074470 ) 
0x00007FF9CBEE952F	NULL (NULL:0) (asyncoremt:0x00007FF9CBEB0000) ( 0x6accd30, 0x0, 0x0, 0x0 ) 
0x00007FFAAE4ACD30	NULL (NULL:0) (ucrtbase:0x00007FFAAE480000) ( 0x0, 0x0, 0x0, 0x0 ) 
0x00007FFAAFCDE957	NULL (NULL:0) (KERNEL32:0x00007FFAAFCB0000) ( 0x0, 0x0, 0xfffffb30, 0xfffffb30 ) 

Thread 37856
=====================
0x00007FFAB12006E4	NULL (NULL:0) (ntdll:0x00007FFAB10A0000) ( 0x9028db5, 0x29933f67, 0x75946722, 0xae4ebd0d ) 
0x00007FFAB116FA44	NULL (NULL:0) (ntdll:0x00007FFAB10A0000) ( 0x0, 0x0, 0x3c, 0x0 ) 
0x00007FFAAEA028D1	NULL (NULL:0) (KERNELBASE:0x00007FFAAE9C0000) ( 0x170, 0x0, 0xdc3cba00, 0x170 ) 
0x00007FF9C75A696E	NULL (NULL:0) (exitlogger_app_sh:0x00007FF9C75A0000) ( 0x3c, 0x12c, 0xc14439e0, 0x0 ) 
0x00007FF9CA62D10F	NULL (NULL:0) (baselibmt:0x00007FF9CA540000) ( 0x6bf3800, 0x0, 0x6726b40, 0x0 ) 
0x00007FFAAE4ACD30	NULL (NULL:0) (ucrtbase:0x00007FFAAE480000) ( 0x0, 0x0, 0x0, 0x0 ) 
0x00007FFAAFCDE957	NULL (NULL:0) (KERNEL32:0x00007FFAAFCB0000) ( 0x0, 0x0, 0xfffffb30, 0xfffffb30 ) 

Thread 37220
=====================
0x00007FFAB12000E4	NULL (NULL:0) (ntdll:0x00007FFAB10A0000) ( 0x10, 0xc17c0840, 0xbeab0870, 0x10 ) 
0x00007FFAAE9DC11F	NULL (NULL:0) (KERNELBASE:0x00007FFAAE9C0000) ( 0x6725258, 0x0, 0x0, 0xf88 ) 
0x00007FF9CA57A73B	NULL (NULL:0) (baselibmt:0x00007FF9CA540000) ( 0x5417e020, 0x5417e001, 0x8, 0x40 ) 
0x00007FF9CA62D345	NULL (NULL:0) (baselibmt:0x00007FF9CA540000) ( 0x6bf3c00, 0x0, 0x6725240, 0x7fffffff ) 
0x00007FFAAE4ACD30	NULL (NULL:0) (ucrtbase:0x00007FFAAE480000) ( 0x0, 0x0, 0x0, 0x0 ) 
0x00007FFAAFCDE957	NULL (NULL:0) (KERNEL32:0x00007FFAAFCB0000) ( 0x0, 0x0, 0xfffffb30, 0xfffffb30 ) 

Thread 18856
=====================
0x00007FFAB12000E4	NULL (NULL:0) (ntdll:0x00007FFAB10A0000) ( 0xc1078f50, 0xc1300048, 0x0, 0xc106fbb0 ) 
0x00007FFAAE9DC11F	NULL (NULL:0) (KERNELBASE:0x00007FFAAE9C0000) ( 0xffffffff, 0xc106fbb0, 0x0, 0xfa8 ) 
0x00007FF9CA57A767	NULL (NULL:0) (baselibmt:0x00007FF9CA540000) ( 0x1, 0xc1071d01, 0x8, 0x40 ) 
0x00007FF9CBEE925A	NULL (NULL:0) (asyncoremt:0x00007FF9CBEB0000) ( 0xc1078f50, 0xbebc0900, 0x0, 0xc1078f50 ) 
0x00007FF9CBEE952F	NULL (NULL:0) (asyncoremt:0x00007FF9CBEB0000) ( 0x6acd6c0, 0x0, 0x0, 0x0 ) 
0x00007FFAAE4ACD30	NULL (NULL:0) (ucrtbase:0x00007FFAAE480000) ( 0x0, 0x0, 0x0, 0x0 ) 
0x00007FFAAFCDE957	NULL (NULL:0) (KERNEL32:0x00007FFAAFCB0000) ( 0x0, 0x0, 0xfffffb30, 0xfffffb30 ) 

Thread 19880
=====================
0x00007FFAAE991344	NULL (NULL:0) (win32u:0x00007FFAAE990000) ( 0x0, 0x0, 0x0, 0x0 ) 
0x00007FFAAF9D45E8	NULL (NULL:0) (USER32:0x00007FFAAF9C0000) ( 0x0, 0x0, 0x0, 0x0 ) 
0x00007FF7BD134403	NULL (NULL:0) (xtop:0x00007FF7B5700000) ( 0x0, 0x0, 0x0, 0x0 ) 
0x00007FFAAFCDE957	NULL (NULL:0) (KERNEL32:0x00007FFAAFCB0000) ( 0x0, 0x0, 0xfffffb30, 0xfffffb30 ) 

Thread 13928
=====================
0x00007FFAB12000E4	NULL (NULL:0) (ntdll:0x00007FFAB10A0000) ( 0xc107ab70, 0xc1300048, 0x0, 0xc106fb50 ) 
0x00007FFAAE9DC11F	NULL (NULL:0) (KERNELBASE:0x00007FFAAE9C0000) ( 0xffffffff, 0xc106fb50, 0x0, 0xf4c ) 
0x00007FF9CA57A767	NULL (NULL:0) (baselibmt:0x00007FF9CA540000) ( 0x1, 0xc1072101, 0x8, 0x40 ) 
0x00007FF9CBEE925A	NULL (NULL:0) (asyncoremt:0x00007FF9CBEB0000) ( 0xc107ab70, 0xbebc0900, 0x0, 0xc107ab70 ) 
0x00007FF9CBEE952F	NULL (NULL:0) (asyncoremt:0x00007FF9CBEB0000) ( 0x6aa9480, 0x0, 0x0, 0x0 ) 
0x00007FFAAE4ACD30	NULL (NULL:0) (ucrtbase:0x00007FFAAE480000) ( 0x0, 0x0, 0x0, 0x0 ) 
0x00007FFAAFCDE957	NULL (NULL:0) (KERNEL32:0x00007FFAAFCB0000) ( 0x0, 0x0, 0xfffffb30, 0xfffffb30 ) 

Thread 32960
=====================
0x00007FFAAE99AE84	NULL (NULL:0) (win32u:0x00007FFAAE990000) ( 0x0, 0x10adff10, 0x0, 0x0 ) 
0x00007FF9C01DEDCF	NULL (NULL:0) (nvoglv64:0x00007FF9BF7B0000) ( 0x0, 0x0, 0x0, 0x0 ) 
0x00007FFAAFCDE957	NULL (NULL:0) (KERNEL32:0x00007FFAAFCB0000) ( 0x0, 0x0, 0xfffffb30, 0xfffffb30 ) 

Thread 10452
=====================
0x00007FFAB12000E4	NULL (NULL:0) (ntdll:0x00007FFAB10A0000) ( 0x0, 0x0, 0x0, 0x0 ) 
0x00007FFAAE9DC11F	NULL (NULL:0) (KERNELBASE:0x00007FFAAE9C0000) ( 0x0, 0xb270ce7d, 0x0, 0x10c4 ) 
0x00007FF9B21A9030	NULL (NULL:0) (nvwgf2umx:0x00007FF9B1880000) ( 0x5558f320, 0x0, 0x0, 0x0 ) 
0x00007FF9B26F00DA	NULL (NULL:0) (nvwgf2umx:0x00007FF9B1880000) ( 0x0, 0x0, 0x0, 0x0 ) 
0x00007FFAAFCDE957	NULL (NULL:0) (KERNEL32:0x00007FFAAFCB0000) ( 0x0, 0x0, 0xfffffb30, 0xfffffb30 ) 

Thread 38548
=====================
0x00007FFAB1200BB4	NULL (NULL:0) (ntdll:0x00007FFAB10A0000) ( 0x0, 0x0, 0x0, 0x0 ) 
0x00007FFAAE9E29F3	NULL (NULL:0) (KERNELBASE:0x00007FFAAE9C0000) ( 0x0, 0x0, 0x55568eb0, 0x0 ) 
0x00007FFAAE9E28C1	NULL (NULL:0) (KERNELBASE:0x00007FFAAE9C0000) ( 0x0, 0x0, 0x0, 0x0 ) 
0x00007FF9B19A0456	NULL (NULL:0) (nvwgf2umx:0x00007FF9B1880000) ( 0x5558f290, 0x0, 0x5558f290, 0x0 ) 
0x00007FF9B26F00DA	NULL (NULL:0) (nvwgf2umx:0x00007FF9B1880000) ( 0x0, 0x0, 0x0, 0x0 ) 
0x00007FFAAFCDE957	NULL (NULL:0) (KERNEL32:0x00007FFAAFCB0000) ( 0x0, 0x0, 0xfffffb30, 0xfffffb30 ) 

Thread 28412
=====================
0x00007FFAB12000E4	NULL (NULL:0) (ntdll:0x00007FFAB10A0000) ( 0x0, 0xb1204084, 0x0, 0x0 ) 
0x00007FFAAE9DC11F	NULL (NULL:0) (KERNELBASE:0x00007FFAAE9C0000) ( 0x554fddc0, 0x121ef9b0, 0x0, 0x115c ) 
0x00007FF9B220BC8F	NULL (NULL:0) (nvwgf2umx:0x00007FF9B1880000) ( 0x5558f2f0, 0x5558f2f0, 0x0, 0x0 ) 
0x00007FF9B26F00DA	NULL (NULL:0) (nvwgf2umx:0x00007FF9B1880000) ( 0x0, 0x0, 0x0, 0x0 ) 
0x00007FFAAFCDE957	NULL (NULL:0) (KERNEL32:0x00007FFAAFCB0000) ( 0x0, 0x0, 0xfffffb30, 0xfffffb30 ) 

Thread 32936
=====================
0x00007FFAB12000E4	NULL (NULL:0) (ntdll:0x00007FFAB10A0000) ( 0x0, 0x0, 0x0, 0x0 ) 
0x00007FFAAE9DC11F	NULL (NULL:0) (KERNELBASE:0x00007FFAAE9C0000) ( 0x0, 0x0, 0x0, 0x1174 ) 
0x00007FF9B2185058	NULL (NULL:0) (nvwgf2umx:0x00007FF9B1880000) ( 0x0, 0x0, 0x5591f850, 0x0 ) 
0x00007FF9B2184F7F	NULL (NULL:0) (nvwgf2umx:0x00007FF9B1880000) ( 0x5591f850, 0x0, 0x0, 0x0 ) 
0x00007FF9B26F00DA	NULL (NULL:0) (nvwgf2umx:0x00007FF9B1880000) ( 0x0, 0x0, 0x0, 0x0 ) 
0x00007FFAAFCDE957	NULL (NULL:0) (KERNEL32:0x00007FFAAFCB0000) ( 0x0, 0x0, 0xfffffb30, 0xfffffb30 ) 

Thread 25500
=====================
0x00007FFAB12000E4	NULL (NULL:0) (ntdll:0x00007FFAB10A0000) ( 0x0, 0x0, 0x0, 0x0 ) 
0x00007FFAAE9DC11F	NULL (NULL:0) (KERNELBASE:0x00007FFAAE9C0000) ( 0x0, 0x0, 0x0, 0x1174 ) 
0x00007FF9B2185058	NULL (NULL:0) (nvwgf2umx:0x00007FF9B1880000) ( 0x0, 0x1, 0x5591f550, 0x0 ) 
0x00007FF9B2184F7F	NULL (NULL:0) (nvwgf2umx:0x00007FF9B1880000) ( 0x5591f550, 0x0, 0x0, 0x0 ) 
0x00007FF9B26F00DA	NULL (NULL:0) (nvwgf2umx:0x00007FF9B1880000) ( 0x0, 0x0, 0x0, 0x0 ) 
0x00007FFAAFCDE957	NULL (NULL:0) (KERNEL32:0x00007FFAAFCB0000) ( 0x0, 0x0, 0xfffffb30, 0xfffffb30 ) 

Thread 13668
=====================
0x00007FFAB12000E4	NULL (NULL:0) (ntdll:0x00007FFAB10A0000) ( 0x0, 0x0, 0x0, 0x0 ) 
0x00007FFAAE9DC11F	NULL (NULL:0) (KERNELBASE:0x00007FFAAE9C0000) ( 0x0, 0x0, 0x0, 0x1174 ) 
0x00007FF9B2185058	NULL (NULL:0) (nvwgf2umx:0x00007FF9B1880000) ( 0x0, 0x2, 0x5591f310, 0x0 ) 
0x00007FF9B2184F7F	NULL (NULL:0) (nvwgf2umx:0x00007FF9B1880000) ( 0x5591f310, 0x0, 0x0, 0x0 ) 
0x00007FF9B26F00DA	NULL (NULL:0) (nvwgf2umx:0x00007FF9B1880000) ( 0x0, 0x0, 0x0, 0x0 ) 
0x00007FFAAFCDE957	NULL (NULL:0) (KERNEL32:0x00007FFAAFCB0000) ( 0x0, 0x0, 0xfffffb30, 0xfffffb30 ) 

Thread 14820
=====================
0x00007FFAB12000E4	NULL (NULL:0) (ntdll:0x00007FFAB10A0000) ( 0x0, 0x0, 0x0, 0x0 ) 
0x00007FFAAE9DC11F	NULL (NULL:0) (KERNELBASE:0x00007FFAAE9C0000) ( 0x0, 0x0, 0x0, 0x1174 ) 
0x00007FF9B2185058	NULL (NULL:0) (nvwgf2umx:0x00007FF9B1880000) ( 0x0, 0x3, 0x5591f430, 0x0 ) 
0x00007FF9B2184F7F	NULL (NULL:0) (nvwgf2umx:0x00007FF9B1880000) ( 0x5591f430, 0x0, 0x0, 0x0 ) 
0x00007FF9B26F00DA	NULL (NULL:0) (nvwgf2umx:0x00007FF9B1880000) ( 0x0, 0x0, 0x0, 0x0 ) 
0x00007FFAAFCDE957	NULL (NULL:0) (KERNEL32:0x00007FFAAFCB0000) ( 0x0, 0x0, 0xfffffb30, 0xfffffb30 ) 

Thread 18072
=====================
0x00007FFAB12000E4	NULL (NULL:0) (ntdll:0x00007FFAB10A0000) ( 0x0, 0x0, 0x0, 0x0 ) 
0x00007FFAAE9DC11F	NULL (NULL:0) (KERNELBASE:0x00007FFAAE9C0000) ( 0x0, 0x0, 0x0, 0x1174 ) 
0x00007FF9B2185058	NULL (NULL:0) (nvwgf2umx:0x00007FF9B1880000) ( 0x0, 0x4, 0x5591f490, 0x0 ) 
0x00007FF9B2184F7F	NULL (NULL:0) (nvwgf2umx:0x00007FF9B1880000) ( 0x5591f490, 0x0, 0x0, 0x0 ) 
0x00007FF9B26F00DA	NULL (NULL:0) (nvwgf2umx:0x00007FF9B1880000) ( 0x0, 0x0, 0x0, 0x0 ) 
0x00007FFAAFCDE957	NULL (NULL:0) (KERNEL32:0x00007FFAAFCB0000) ( 0x0, 0x0, 0xfffffb30, 0xfffffb30 ) 

Thread 27900
=====================
0x00007FFAB12000E4	NULL (NULL:0) (ntdll:0x00007FFAB10A0000) ( 0x0, 0x0, 0x0, 0x0 ) 
0x00007FFAAE9DC11F	NULL (NULL:0) (KERNELBASE:0x00007FFAAE9C0000) ( 0x0, 0x0, 0x0, 0x1174 ) 
0x00007FF9B2185058	NULL (NULL:0) (nvwgf2umx:0x00007FF9B1880000) ( 0x0, 0x5, 0x5591f5e0, 0x0 ) 
0x00007FF9B2184F7F	NULL (NULL:0) (nvwgf2umx:0x00007FF9B1880000) ( 0x5591f5e0, 0x0, 0x0, 0x0 ) 
0x00007FF9B26F00DA	NULL (NULL:0) (nvwgf2umx:0x00007FF9B1880000) ( 0x0, 0x0, 0x0, 0x0 ) 
0x00007FFAAFCDE957	NULL (NULL:0) (KERNEL32:0x00007FFAAFCB0000) ( 0x0, 0x0, 0xfffffb30, 0xfffffb30 ) 

Thread 8380
=====================
0x00007FFAB12000E4	NULL (NULL:0) (ntdll:0x00007FFAB10A0000) ( 0x0, 0x0, 0x0, 0x0 ) 
0x00007FFAAE9DC11F	NULL (NULL:0) (KERNELBASE:0x00007FFAAE9C0000) ( 0x0, 0x0, 0x0, 0x1174 ) 
0x00007FF9B2185058	NULL (NULL:0) (nvwgf2umx:0x00007FF9B1880000) ( 0x0, 0x6, 0x5591f280, 0x0 ) 
0x00007FF9B2184F7F	NULL (NULL:0) (nvwgf2umx:0x00007FF9B1880000) ( 0x5591f280, 0x0, 0x0, 0x0 ) 
0x00007FF9B26F00DA	NULL (NULL:0) (nvwgf2umx:0x00007FF9B1880000) ( 0x0, 0x0, 0x0, 0x0 ) 
0x00007FFAAFCDE957	NULL (NULL:0) (KERNEL32:0x00007FFAAFCB0000) ( 0x0, 0x0, 0xfffffb30, 0xfffffb30 ) 

Thread 27460
=====================
0x00007FFAB12000E4	NULL (NULL:0) (ntdll:0x00007FFAB10A0000) ( 0x0, 0x0, 0x0, 0x0 ) 
0x00007FFAAE9DC11F	NULL (NULL:0) (KERNELBASE:0x00007FFAAE9C0000) ( 0x0, 0x0, 0x0, 0x1174 ) 
0x00007FF9B2185058	NULL (NULL:0) (nvwgf2umx:0x00007FF9B1880000) ( 0x0, 0x7, 0x5591f400, 0x0 ) 
0x00007FF9B2184F7F	NULL (NULL:0) (nvwgf2umx:0x00007FF9B1880000) ( 0x5591f400, 0x0, 0x0, 0x0 ) 
0x00007FF9B26F00DA	NULL (NULL:0) (nvwgf2umx:0x00007FF9B1880000) ( 0x0, 0x0, 0x0, 0x0 ) 
0x00007FFAAFCDE957	NULL (NULL:0) (KERNEL32:0x00007FFAAFCB0000) ( 0x0, 0x0, 0xfffffb30, 0xfffffb30 ) 

Thread 23424
=====================
0x00007FFAB12000E4	NULL (NULL:0) (ntdll:0x00007FFAB10A0000) ( 0x0, 0x0, 0x0, 0x0 ) 
0x00007FFAAE9DC11F	NULL (NULL:0) (KERNELBASE:0x00007FFAAE9C0000) ( 0x0, 0x0, 0x0, 0x1174 ) 
0x00007FF9B2185058	NULL (NULL:0) (nvwgf2umx:0x00007FF9B1880000) ( 0x0, 0x8, 0x5591f730, 0x0 ) 
0x00007FF9B2184F7F	NULL (NULL:0) (nvwgf2umx:0x00007FF9B1880000) ( 0x5591f730, 0x0, 0x0, 0x0 ) 
0x00007FF9B26F00DA	NULL (NULL:0) (nvwgf2umx:0x00007FF9B1880000) ( 0x0, 0x0, 0x0, 0x0 ) 
0x00007FFAAFCDE957	NULL (NULL:0) (KERNEL32:0x00007FFAAFCB0000) ( 0x0, 0x0, 0xfffffb30, 0xfffffb30 ) 

Thread 23120
=====================
0x00007FFAB12000E4	NULL (NULL:0) (ntdll:0x00007FFAB10A0000) ( 0x0, 0x0, 0x0, 0x0 ) 
0x00007FFAAE9DC11F	NULL (NULL:0) (KERNELBASE:0x00007FFAAE9C0000) ( 0x0, 0x0, 0x0, 0x1174 ) 
0x00007FF9B2185058	NULL (NULL:0) (nvwgf2umx:0x00007FF9B1880000) ( 0x0, 0x9, 0x5591f2e0, 0x0 ) 
0x00007FF9B2184F7F	NULL (NULL:0) (nvwgf2umx:0x00007FF9B1880000) ( 0x5591f2e0, 0x0, 0x0, 0x0 ) 
0x00007FF9B26F00DA	NULL (NULL:0) (nvwgf2umx:0x00007FF9B1880000) ( 0x0, 0x0, 0x0, 0x0 ) 
0x00007FFAAFCDE957	NULL (NULL:0) (KERNEL32:0x00007FFAAFCB0000) ( 0x0, 0x0, 0xfffffb30, 0xfffffb30 ) 

Thread 30332
=====================
0x00007FFAB12000E4	NULL (NULL:0) (ntdll:0x00007FFAB10A0000) ( 0x0, 0x0, 0x0, 0x0 ) 
0x00007FFAAE9DC11F	NULL (NULL:0) (KERNELBASE:0x00007FFAAE9C0000) ( 0x0, 0x0, 0x0, 0x1174 ) 
0x00007FF9B2185058	NULL (NULL:0) (nvwgf2umx:0x00007FF9B1880000) ( 0x0, 0xa, 0x5591f820, 0x0 ) 
0x00007FF9B2184F7F	NULL (NULL:0) (nvwgf2umx:0x00007FF9B1880000) ( 0x5591f820, 0x0, 0x0, 0x0 ) 
0x00007FF9B26F00DA	NULL (NULL:0) (nvwgf2umx:0x00007FF9B1880000) ( 0x0, 0x0, 0x0, 0x0 ) 
0x00007FFAAFCDE957	NULL (NULL:0) (KERNEL32:0x00007FFAAFCB0000) ( 0x0, 0x0, 0xfffffb30, 0xfffffb30 ) 

Thread 26692
=====================
0x00007FFAB12000E4	NULL (NULL:0) (ntdll:0x00007FFAB10A0000) ( 0x0, 0x0, 0x0, 0x0 ) 
0x00007FFAAE9DC11F	NULL (NULL:0) (KERNELBASE:0x00007FFAAE9C0000) ( 0x0, 0x0, 0x0, 0x1174 ) 
0x00007FF9B2185058	NULL (NULL:0) (nvwgf2umx:0x00007FF9B1880000) ( 0x0, 0xb, 0x5591f460, 0x0 ) 
0x00007FF9B2184F7F	NULL (NULL:0) (nvwgf2umx:0x00007FF9B1880000) ( 0x5591f460, 0x0, 0x0, 0x0 ) 
0x00007FF9B26F00DA	NULL (NULL:0) (nvwgf2umx:0x00007FF9B1880000) ( 0x0, 0x0, 0x0, 0x0 ) 
0x00007FFAAFCDE957	NULL (NULL:0) (KERNEL32:0x00007FFAAFCB0000) ( 0x0, 0x0, 0xfffffb30, 0xfffffb30 ) 

Thread 20768
=====================
0x00007FFAB12000E4	NULL (NULL:0) (ntdll:0x00007FFAB10A0000) ( 0x0, 0x0, 0x0, 0x0 ) 
0x00007FFAAE9DC11F	NULL (NULL:0) (KERNELBASE:0x00007FFAAE9C0000) ( 0x0, 0x0, 0x0, 0x1174 ) 
0x00007FF9B2185058	NULL (NULL:0) (nvwgf2umx:0x00007FF9B1880000) ( 0x0, 0xc, 0x5591f4c0, 0x0 ) 
0x00007FF9B2184F7F	NULL (NULL:0) (nvwgf2umx:0x00007FF9B1880000) ( 0x5591f4c0, 0x0, 0x0, 0x0 ) 
0x00007FF9B26F00DA	NULL (NULL:0) (nvwgf2umx:0x00007FF9B1880000) ( 0x0, 0x0, 0x0, 0x0 ) 
0x00007FFAAFCDE957	NULL (NULL:0) (KERNEL32:0x00007FFAAFCB0000) ( 0x0, 0x0, 0xfffffb30, 0xfffffb30 ) 

Thread 19188
=====================
0x00007FFAB12000E4	NULL (NULL:0) (ntdll:0x00007FFAB10A0000) ( 0x0, 0x0, 0x0, 0x0 ) 
0x00007FFAAE9DC11F	NULL (NULL:0) (KERNELBASE:0x00007FFAAE9C0000) ( 0x0, 0x0, 0x0, 0x1174 ) 
0x00007FF9B2185058	NULL (NULL:0) (nvwgf2umx:0x00007FF9B1880000) ( 0x0, 0xd, 0x5591f6d0, 0x0 ) 
0x00007FF9B2184F7F	NULL (NULL:0) (nvwgf2umx:0x00007FF9B1880000) ( 0x5591f6d0, 0x0, 0x0, 0x0 ) 
0x00007FF9B26F00DA	NULL (NULL:0) (nvwgf2umx:0x00007FF9B1880000) ( 0x0, 0x0, 0x0, 0x0 ) 
0x00007FFAAFCDE957	NULL (NULL:0) (KERNEL32:0x00007FFAAFCB0000) ( 0x0, 0x0, 0xfffffb30, 0xfffffb30 ) 

Thread 39580
=====================
0x00007FFAB12000E4	NULL (NULL:0) (ntdll:0x00007FFAB10A0000) ( 0x0, 0x0, 0x0, 0x0 ) 
0x00007FFAAE9DC11F	NULL (NULL:0) (KERNELBASE:0x00007FFAAE9C0000) ( 0x0, 0x0, 0x0, 0x1174 ) 
0x00007FF9B2185058	NULL (NULL:0) (nvwgf2umx:0x00007FF9B1880000) ( 0x0, 0xe, 0x5591f0d0, 0x0 ) 
0x00007FF9B2184F7F	NULL (NULL:0) (nvwgf2umx:0x00007FF9B1880000) ( 0x5591f0d0, 0x0, 0x0, 0x0 ) 
0x00007FF9B26F00DA	NULL (NULL:0) (nvwgf2umx:0x00007FF9B1880000) ( 0x0, 0x0, 0x0, 0x0 ) 
0x00007FFAAFCDE957	NULL (NULL:0) (KERNEL32:0x00007FFAAFCB0000) ( 0x0, 0x0, 0xfffffb30, 0xfffffb30 ) 

Thread 14192
=====================
0x00007FFAB12000E4	NULL (NULL:0) (ntdll:0x00007FFAB10A0000) ( 0x0, 0x0, 0x0, 0x0 ) 
0x00007FFAAE9DC11F	NULL (NULL:0) (KERNELBASE:0x00007FFAAE9C0000) ( 0x0, 0x0, 0x0, 0x1174 ) 
0x00007FF9B2185058	NULL (NULL:0) (nvwgf2umx:0x00007FF9B1880000) ( 0x0, 0xf, 0x5591f520, 0x0 ) 
0x00007FF9B2184F7F	NULL (NULL:0) (nvwgf2umx:0x00007FF9B1880000) ( 0x5591f520, 0x0, 0x0, 0x0 ) 
0x00007FF9B26F00DA	NULL (NULL:0) (nvwgf2umx:0x00007FF9B1880000) ( 0x0, 0x0, 0x0, 0x0 ) 
0x00007FFAAFCDE957	NULL (NULL:0) (KERNEL32:0x00007FFAAFCB0000) ( 0x0, 0x0, 0xfffffb30, 0xfffffb30 ) 

Thread 9176
=====================
0x00007FFAB12000E4	NULL (NULL:0) (ntdll:0x00007FFAB10A0000) ( 0x0, 0x0, 0x0, 0x0 ) 
0x00007FFAAE9DC11F	NULL (NULL:0) (KERNELBASE:0x00007FFAAE9C0000) ( 0x0, 0x0, 0x0, 0x1174 ) 
0x00007FF9B2185058	NULL (NULL:0) (nvwgf2umx:0x00007FF9B1880000) ( 0x0, 0x10, 0x5591f4f0, 0x0 ) 
0x00007FF9B2184F7F	NULL (NULL:0) (nvwgf2umx:0x00007FF9B1880000) ( 0x5591f4f0, 0x0, 0x0, 0x0 ) 
0x00007FF9B26F00DA	NULL (NULL:0) (nvwgf2umx:0x00007FF9B1880000) ( 0x0, 0x0, 0x0, 0x0 ) 
0x00007FFAAFCDE957	NULL (NULL:0) (KERNEL32:0x00007FFAAFCB0000) ( 0x0, 0x0, 0xfffffb30, 0xfffffb30 ) 

Thread 16504
=====================
0x00007FFAB12000E4	NULL (NULL:0) (ntdll:0x00007FFAB10A0000) ( 0x0, 0x0, 0x0, 0x0 ) 
0x00007FFAAE9DC11F	NULL (NULL:0) (KERNELBASE:0x00007FFAAE9C0000) ( 0x0, 0x0, 0x0, 0x1174 ) 
0x00007FF9B2185058	NULL (NULL:0) (nvwgf2umx:0x00007FF9B1880000) ( 0x0, 0x11, 0x5591f760, 0x0 ) 
0x00007FF9B2184F7F	NULL (NULL:0) (nvwgf2umx:0x00007FF9B1880000) ( 0x5591f760, 0x0, 0x0, 0x0 ) 
0x00007FF9B26F00DA	NULL (NULL:0) (nvwgf2umx:0x00007FF9B1880000) ( 0x0, 0x0, 0x0, 0x0 ) 
0x00007FFAAFCDE957	NULL (NULL:0) (KERNEL32:0x00007FFAAFCB0000) ( 0x0, 0x0, 0xfffffb30, 0xfffffb30 ) 

Thread 18068
=====================
0x00007FFAB12000E4	NULL (NULL:0) (ntdll:0x00007FFAB10A0000) ( 0x0, 0x0, 0x0, 0x0 ) 
0x00007FFAAE9DC11F	NULL (NULL:0) (KERNELBASE:0x00007FFAAE9C0000) ( 0x0, 0x0, 0x0, 0x1174 ) 
0x00007FF9B2185058	NULL (NULL:0) (nvwgf2umx:0x00007FF9B1880000) ( 0x0, 0x12, 0x5591f610, 0x0 ) 
0x00007FF9B2184F7F	NULL (NULL:0) (nvwgf2umx:0x00007FF9B1880000) ( 0x5591f610, 0x0, 0x0, 0x0 ) 
0x00007FF9B26F00DA	NULL (NULL:0) (nvwgf2umx:0x00007FF9B1880000) ( 0x0, 0x0, 0x0, 0x0 ) 
0x00007FFAAFCDE957	NULL (NULL:0) (KERNEL32:0x00007FFAAFCB0000) ( 0x0, 0x0, 0xfffffb30, 0xfffffb30 ) 

Thread 8892
=====================
0x00007FFAB12000E4	NULL (NULL:0) (ntdll:0x00007FFAB10A0000) ( 0x0, 0x0, 0x0, 0x0 ) 
0x00007FFAAE9DC11F	NULL (NULL:0) (KERNELBASE:0x00007FFAAE9C0000) ( 0x0, 0x0, 0x0, 0x1174 ) 
0x00007FF9B2185058	NULL (NULL:0) (nvwgf2umx:0x00007FF9B1880000) ( 0x0, 0x13, 0x5591f670, 0x0 ) 
0x00007FF9B2184F7F	NULL (NULL:0) (nvwgf2umx:0x00007FF9B1880000) ( 0x5591f670, 0x0, 0x0, 0x0 ) 
0x00007FF9B26F00DA	NULL (NULL:0) (nvwgf2umx:0x00007FF9B1880000) ( 0x0, 0x0, 0x0, 0x0 ) 
0x00007FFAAFCDE957	NULL (NULL:0) (KERNEL32:0x00007FFAAFCB0000) ( 0x0, 0x0, 0xfffffb30, 0xfffffb30 ) 

Thread 37080
=====================
0x00007FFAB12000E4	NULL (NULL:0) (ntdll:0x00007FFAB10A0000) ( 0x0, 0x0, 0x0, 0x0 ) 
0x00007FFAAE9DC11F	NULL (NULL:0) (KERNELBASE:0x00007FFAAE9C0000) ( 0x0, 0x0, 0x0, 0x1174 ) 
0x00007FF9B2185058	NULL (NULL:0) (nvwgf2umx:0x00007FF9B1880000) ( 0x0, 0x14, 0x5591f2b0, 0x0 ) 
0x00007FF9B2184F7F	NULL (NULL:0) (nvwgf2umx:0x00007FF9B1880000) ( 0x5591f2b0, 0x0, 0x0, 0x0 ) 
0x00007FF9B26F00DA	NULL (NULL:0) (nvwgf2umx:0x00007FF9B1880000) ( 0x0, 0x0, 0x0, 0x0 ) 
0x00007FFAAFCDE957	NULL (NULL:0) (KERNEL32:0x00007FFAAFCB0000) ( 0x0, 0x0, 0xfffffb30, 0xfffffb30 ) 

Thread 14332
=====================
0x00007FFAB12000E4	NULL (NULL:0) (ntdll:0x00007FFAB10A0000) ( 0x0, 0x0, 0x0, 0x0 ) 
0x00007FFAAE9DC11F	NULL (NULL:0) (KERNELBASE:0x00007FFAAE9C0000) ( 0x0, 0x0, 0x0, 0x1174 ) 
0x00007FF9B2185058	NULL (NULL:0) (nvwgf2umx:0x00007FF9B1880000) ( 0x0, 0x15, 0x5591f7c0, 0x0 ) 
0x00007FF9B2184F7F	NULL (NULL:0) (nvwgf2umx:0x00007FF9B1880000) ( 0x5591f7c0, 0x0, 0x0, 0x0 ) 
0x00007FF9B26F00DA	NULL (NULL:0) (nvwgf2umx:0x00007FF9B1880000) ( 0x0, 0x0, 0x0, 0x0 ) 
0x00007FFAAFCDE957	NULL (NULL:0) (KERNEL32:0x00007FFAAFCB0000) ( 0x0, 0x0, 0xfffffb30, 0xfffffb30 ) 

Thread 15936
=====================
0x00007FFAB12000E4	NULL (NULL:0) (ntdll:0x00007FFAB10A0000) ( 0x0, 0x0, 0x0, 0x0 ) 
0x00007FFAAE9DC11F	NULL (NULL:0) (KERNELBASE:0x00007FFAAE9C0000) ( 0x0, 0x0, 0x0, 0x1174 ) 
0x00007FF9B2185058	NULL (NULL:0) (nvwgf2umx:0x00007FF9B1880000) ( 0x0, 0x16, 0x5591f640, 0x0 ) 
0x00007FF9B2184F7F	NULL (NULL:0) (nvwgf2umx:0x00007FF9B1880000) ( 0x5591f640, 0x0, 0x0, 0x0 ) 
0x00007FF9B26F00DA	NULL (NULL:0) (nvwgf2umx:0x00007FF9B1880000) ( 0x0, 0x0, 0x0, 0x0 ) 
0x00007FFAAFCDE957	NULL (NULL:0) (KERNEL32:0x00007FFAAFCB0000) ( 0x0, 0x0, 0xfffffb30, 0xfffffb30 ) 

Thread 18684
=====================
0x00007FFAB12000E4	NULL (NULL:0) (ntdll:0x00007FFAB10A0000) ( 0x0, 0x0, 0x0, 0x0 ) 
0x00007FFAAE9DC11F	NULL (NULL:0) (KERNELBASE:0x00007FFAAE9C0000) ( 0x0, 0x0, 0x0, 0x1174 ) 
0x00007FF9B2185058	NULL (NULL:0) (nvwgf2umx:0x00007FF9B1880000) ( 0x0, 0x17, 0x5591f100, 0x0 ) 
0x00007FF9B2184F7F	NULL (NULL:0) (nvwgf2umx:0x00007FF9B1880000) ( 0x5591f100, 0x0, 0x0, 0x0 ) 
0x00007FF9B26F00DA	NULL (NULL:0) (nvwgf2umx:0x00007FF9B1880000) ( 0x0, 0x0, 0x0, 0x0 ) 
0x00007FFAAFCDE957	NULL (NULL:0) (KERNEL32:0x00007FFAAFCB0000) ( 0x0, 0x0, 0xfffffb30, 0xfffffb30 ) 

Thread 26532
=====================
0x00007FFAB12000E4	NULL (NULL:0) (ntdll:0x00007FFAB10A0000) ( 0x0, 0x0, 0x0, 0x0 ) 
0x00007FFAAE9DC11F	NULL (NULL:0) (KERNELBASE:0x00007FFAAE9C0000) ( 0x0, 0x0, 0x0, 0x1174 ) 
0x00007FF9B2185058	NULL (NULL:0) (nvwgf2umx:0x00007FF9B1880000) ( 0x0, 0x18, 0x5591f340, 0x0 ) 
0x00007FF9B2184F7F	NULL (NULL:0) (nvwgf2umx:0x00007FF9B1880000) ( 0x5591f340, 0x0, 0x0, 0x0 ) 
0x00007FF9B26F00DA	NULL (NULL:0) (nvwgf2umx:0x00007FF9B1880000) ( 0x0, 0x0, 0x0, 0x0 ) 
0x00007FFAAFCDE957	NULL (NULL:0) (KERNEL32:0x00007FFAAFCB0000) ( 0x0, 0x0, 0xfffffb30, 0xfffffb30 ) 

Thread 16848
=====================
0x00007FFAB12000E4	NULL (NULL:0) (ntdll:0x00007FFAB10A0000) ( 0x0, 0x0, 0x0, 0x0 ) 
0x00007FFAAE9DC11F	NULL (NULL:0) (KERNELBASE:0x00007FFAAE9C0000) ( 0x0, 0x0, 0x0, 0x1174 ) 
0x00007FF9B2185058	NULL (NULL:0) (nvwgf2umx:0x00007FF9B1880000) ( 0x0, 0x19, 0x5591f6a0, 0x0 ) 
0x00007FF9B2184F7F	NULL (NULL:0) (nvwgf2umx:0x00007FF9B1880000) ( 0x5591f6a0, 0x0, 0x0, 0x0 ) 
0x00007FF9B26F00DA	NULL (NULL:0) (nvwgf2umx:0x00007FF9B1880000) ( 0x0, 0x0, 0x0, 0x0 ) 
0x00007FFAAFCDE957	NULL (NULL:0) (KERNEL32:0x00007FFAAFCB0000) ( 0x0, 0x0, 0xfffffb30, 0xfffffb30 ) 

Thread 18616
=====================
0x00007FFAB12000E4	NULL (NULL:0) (ntdll:0x00007FFAB10A0000) ( 0x0, 0x0, 0x0, 0x0 ) 
0x00007FFAAE9DC11F	NULL (NULL:0) (KERNELBASE:0x00007FFAAE9C0000) ( 0x0, 0x0, 0x0, 0x1174 ) 
0x00007FF9B2185058	NULL (NULL:0) (nvwgf2umx:0x00007FF9B1880000) ( 0x0, 0x1a, 0x5591f220, 0x0 ) 
0x00007FF9B2184F7F	NULL (NULL:0) (nvwgf2umx:0x00007FF9B1880000) ( 0x5591f220, 0x0, 0x0, 0x0 ) 
0x00007FF9B26F00DA	NULL (NULL:0) (nvwgf2umx:0x00007FF9B1880000) ( 0x0, 0x0, 0x0, 0x0 ) 
0x00007FFAAFCDE957	NULL (NULL:0) (KERNEL32:0x00007FFAAFCB0000) ( 0x0, 0x0, 0xfffffb30, 0xfffffb30 ) 

Thread 27340
=====================
0x00007FFAB12000E4	NULL (NULL:0) (ntdll:0x00007FFAB10A0000) ( 0x0, 0x0, 0x0, 0x0 ) 
0x00007FFAAE9DC11F	NULL (NULL:0) (KERNELBASE:0x00007FFAAE9C0000) ( 0x0, 0x0, 0x0, 0x1174 ) 
0x00007FF9B2185058	NULL (NULL:0) (nvwgf2umx:0x00007FF9B1880000) ( 0x0, 0x1b, 0x5591f130, 0x0 ) 
0x00007FF9B2184F7F	NULL (NULL:0) (nvwgf2umx:0x00007FF9B1880000) ( 0x5591f130, 0x0, 0x0, 0x0 ) 
0x00007FF9B26F00DA	NULL (NULL:0) (nvwgf2umx:0x00007FF9B1880000) ( 0x0, 0x0, 0x0, 0x0 ) 
0x00007FFAAFCDE957	NULL (NULL:0) (KERNEL32:0x00007FFAAFCB0000) ( 0x0, 0x0, 0xfffffb30, 0xfffffb30 ) 

Thread 18300
=====================
0x00007FFAB12000E4	NULL (NULL:0) (ntdll:0x00007FFAB10A0000) ( 0x0, 0x0, 0x0, 0x0 ) 
0x00007FFAAE9DC11F	NULL (NULL:0) (KERNELBASE:0x00007FFAAE9C0000) ( 0x0, 0x0, 0x0, 0x1174 ) 
0x00007FF9B2185058	NULL (NULL:0) (nvwgf2umx:0x00007FF9B1880000) ( 0x0, 0x1c, 0x5591f160, 0x0 ) 
0x00007FF9B2184F7F	NULL (NULL:0) (nvwgf2umx:0x00007FF9B1880000) ( 0x5591f160, 0x0, 0x0, 0x0 ) 
0x00007FF9B26F00DA	NULL (NULL:0) (nvwgf2umx:0x00007FF9B1880000) ( 0x0, 0x0, 0x0, 0x0 ) 
0x00007FFAAFCDE957	NULL (NULL:0) (KERNEL32:0x00007FFAAFCB0000) ( 0x0, 0x0, 0xfffffb30, 0xfffffb30 ) 

Thread 19908
=====================
0x00007FFAB12000E4	NULL (NULL:0) (ntdll:0x00007FFAB10A0000) ( 0x0, 0x0, 0x0, 0x0 ) 
0x00007FFAAE9DC11F	NULL (NULL:0) (KERNELBASE:0x00007FFAAE9C0000) ( 0x0, 0x0, 0x0, 0x1174 ) 
0x00007FF9B2185058	NULL (NULL:0) (nvwgf2umx:0x00007FF9B1880000) ( 0x0, 0x1d, 0x5591f190, 0x0 ) 
0x00007FF9B2184F7F	NULL (NULL:0) (nvwgf2umx:0x00007FF9B1880000) ( 0x5591f190, 0x0, 0x0, 0x0 ) 
0x00007FF9B26F00DA	NULL (NULL:0) (nvwgf2umx:0x00007FF9B1880000) ( 0x0, 0x0, 0x0, 0x0 ) 
0x00007FFAAFCDE957	NULL (NULL:0) (KERNEL32:0x00007FFAAFCB0000) ( 0x0, 0x0, 0xfffffb30, 0xfffffb30 ) 

Thread 22920
=====================
0x00007FFAB12000E4	NULL (NULL:0) (ntdll:0x00007FFAB10A0000) ( 0x0, 0x0, 0x0, 0x0 ) 
0x00007FFAAE9DC11F	NULL (NULL:0) (KERNELBASE:0x00007FFAAE9C0000) ( 0x0, 0x0, 0x0, 0x1174 ) 
0x00007FF9B2185058	NULL (NULL:0) (nvwgf2umx:0x00007FF9B1880000) ( 0x0, 0x1e, 0x5589f8c0, 0x0 ) 
0x00007FF9B2184F7F	NULL (NULL:0) (nvwgf2umx:0x00007FF9B1880000) ( 0x5589f8c0, 0x0, 0x0, 0x0 ) 
0x00007FF9B26F00DA	NULL (NULL:0) (nvwgf2umx:0x00007FF9B1880000) ( 0x0, 0x0, 0x0, 0x0 ) 
0x00007FFAAFCDE957	NULL (NULL:0) (KERNEL32:0x00007FFAAFCB0000) ( 0x0, 0x0, 0xfffffb30, 0xfffffb30 ) 

Thread 29712
=====================
0x00007FFAB12000E4	NULL (NULL:0) (ntdll:0x00007FFAB10A0000) ( 0x0, 0x0, 0x0, 0x0 ) 
0x00007FFAAE9DC11F	NULL (NULL:0) (KERNELBASE:0x00007FFAAE9C0000) ( 0x0, 0x0, 0x0, 0x1174 ) 
0x00007FF9B2185058	NULL (NULL:0) (nvwgf2umx:0x00007FF9B1880000) ( 0x0, 0x1f, 0x5589fa10, 0x0 ) 
0x00007FF9B2184F7F	NULL (NULL:0) (nvwgf2umx:0x00007FF9B1880000) ( 0x5589fa10, 0x0, 0x0, 0x0 ) 
0x00007FF9B26F00DA	NULL (NULL:0) (nvwgf2umx:0x00007FF9B1880000) ( 0x0, 0x0, 0x0, 0x0 ) 
0x00007FFAAFCDE957	NULL (NULL:0) (KERNEL32:0x00007FFAAFCB0000) ( 0x0, 0x0, 0xfffffb30, 0xfffffb30 ) 

Thread 12940
=====================
0x00007FFAB1203CB4	NULL (NULL:0) (ntdll:0x00007FFAB10A0000) ( 0xaed675c0, 0x0, 0x12b9fdc0, 0x12b9fd90 ) 
0x00007FFAB10DFE7B	NULL (NULL:0) (ntdll:0x00007FFAB10A0000) ( 0x0, 0x5534c428, 0x0, 0xa24e4000 ) 
0x00007FFAAE9E3D48	NULL (NULL:0) (KERNELBASE:0x00007FFAAE9C0000) ( 0x55ca09f0, 0x0, 0x12b9fea8, 0x0 ) 
0x00007FFA9F6978C3	NULL (NULL:0) (amdxx64:0x00007FFA9F5F0000) ( 0x80001, 0x5534c3f8, 0x55ca09f0, 0x0 ) 
0x00007FFA9F697A7F	NULL (NULL:0) (amdxx64:0x00007FFA9F5F0000) ( 0x0, 0x0, 0x0, 0x0 ) 
0x00007FFAA0397E4F	NULL (NULL:0) (amdxx64:0x00007FFA9F5F0000) ( 0x0, 0x0, 0x0, 0x0 ) 
0x00007FFAAFCDE957	NULL (NULL:0) (KERNEL32:0x00007FFAAFCB0000) ( 0x0, 0x0, 0xfffffb30, 0xfffffb30 ) 

Thread 19652
=====================
0x00007FFAB1203CB4	NULL (NULL:0) (ntdll:0x00007FFAB10A0000) ( 0x0, 0x0, 0x0, 0x1334f818 ) 
0x00007FFAB10DFE7B	NULL (NULL:0) (ntdll:0x00007FFAB10A0000) ( 0x0, 0x5534c438, 0x0, 0x0 ) 
0x00007FFAAE9E3D48	NULL (NULL:0) (KERNELBASE:0x00007FFAAE9C0000) ( 0x55ca0a80, 0x0, 0x0, 0x0 ) 
0x00007FFA9F6978C3	NULL (NULL:0) (amdxx64:0x00007FFA9F5F0000) ( 0x55ca0a80, 0x5534c3f8, 0x55ca0a80, 0x0 ) 
0x00007FFA9F697A7F	NULL (NULL:0) (amdxx64:0x00007FFA9F5F0000) ( 0x0, 0x0, 0x0, 0x0 ) 
0x00007FFAA0397E4F	NULL (NULL:0) (amdxx64:0x00007FFA9F5F0000) ( 0x0, 0x0, 0x0, 0x0 ) 
0x00007FFAAFCDE957	NULL (NULL:0) (KERNEL32:0x00007FFAAFCB0000) ( 0x0, 0x0, 0xfffffb30, 0xfffffb30 ) 

Thread 5828
=====================
0x00007FFAB1203CB4	NULL (NULL:0) (ntdll:0x00007FFAB10A0000) ( 0x0, 0x0, 0x0, 0x13aff6f8 ) 
0x00007FFAB10DFE7B	NULL (NULL:0) (ntdll:0x00007FFAB10A0000) ( 0x0, 0x5534c448, 0x0, 0x0 ) 
0x00007FFAAE9E3D48	NULL (NULL:0) (KERNELBASE:0x00007FFAAE9C0000) ( 0x55ca0c30, 0x0, 0x0, 0x0 ) 
0x00007FFA9F6978C3	NULL (NULL:0) (amdxx64:0x00007FFA9F5F0000) ( 0x55ca0c30, 0x5534c3f8, 0x55ca0c30, 0x0 ) 
0x00007FFA9F697A7F	NULL (NULL:0) (amdxx64:0x00007FFA9F5F0000) ( 0x0, 0x0, 0x0, 0x0 ) 
0x00007FFAA0397E4F	NULL (NULL:0) (amdxx64:0x00007FFA9F5F0000) ( 0x0, 0x0, 0x0, 0x0 ) 
0x00007FFAAFCDE957	NULL (NULL:0) (KERNEL32:0x00007FFAAFCB0000) ( 0x0, 0x0, 0xfffffb30, 0xfffffb30 ) 

Thread 30908
=====================
0x00007FFAB1203CB4	NULL (NULL:0) (ntdll:0x00007FFAB10A0000) ( 0x0, 0x0, 0x0, 0x142af9e8 ) 
0x00007FFAB10DFE7B	NULL (NULL:0) (ntdll:0x00007FFAB10A0000) ( 0x0, 0x5534c458, 0x0, 0x0 ) 
0x00007FFAAE9E3D48	NULL (NULL:0) (KERNELBASE:0x00007FFAAE9C0000) ( 0x55ca0a20, 0x0, 0x0, 0x0 ) 
0x00007FFA9F6978C3	NULL (NULL:0) (amdxx64:0x00007FFA9F5F0000) ( 0x55ca0a20, 0x5534c3f8, 0x55ca0a20, 0x0 ) 
0x00007FFA9F697A7F	NULL (NULL:0) (amdxx64:0x00007FFA9F5F0000) ( 0x0, 0x0, 0x0, 0x0 ) 
0x00007FFAA0397E4F	NULL (NULL:0) (amdxx64:0x00007FFA9F5F0000) ( 0x0, 0x0, 0x0, 0x0 ) 
0x00007FFAAFCDE957	NULL (NULL:0) (KERNEL32:0x00007FFAAFCB0000) ( 0x0, 0x0, 0xfffffb30, 0xfffffb30 ) 

Thread 14716
=====================
0x00007FFAB1203CB4	NULL (NULL:0) (ntdll:0x00007FFAB10A0000) ( 0x0, 0x0, 0x0, 0x14a5fbb8 ) 
0x00007FFAB10DFE7B	NULL (NULL:0) (ntdll:0x00007FFAB10A0000) ( 0x0, 0x5534c468, 0x0, 0x0 ) 
0x00007FFAAE9E3D48	NULL (NULL:0) (KERNELBASE:0x00007FFAAE9C0000) ( 0x55ca0c60, 0x0, 0x0, 0x0 ) 
0x00007FFA9F6978C3	NULL (NULL:0) (amdxx64:0x00007FFA9F5F0000) ( 0x55ca0c60, 0x5534c3f8, 0x55ca0c60, 0x0 ) 
0x00007FFA9F697A7F	NULL (NULL:0) (amdxx64:0x00007FFA9F5F0000) ( 0x0, 0x0, 0x0, 0x0 ) 
0x00007FFAA0397E4F	NULL (NULL:0) (amdxx64:0x00007FFA9F5F0000) ( 0x0, 0x0, 0x0, 0x0 ) 
0x00007FFAAFCDE957	NULL (NULL:0) (KERNEL32:0x00007FFAAFCB0000) ( 0x0, 0x0, 0xfffffb30, 0xfffffb30 ) 

Thread 39152
=====================
0x00007FFAB1203CB4	NULL (NULL:0) (ntdll:0x00007FFAB10A0000) ( 0x0, 0x0, 0x0, 0x1520f878 ) 
0x00007FFAB10DFE7B	NULL (NULL:0) (ntdll:0x00007FFAB10A0000) ( 0x0, 0x5534c478, 0x0, 0x0 ) 
0x00007FFAAE9E3D48	NULL (NULL:0) (KERNELBASE:0x00007FFAAE9C0000) ( 0x55ca09c0, 0x0, 0x0, 0x0 ) 
0x00007FFA9F6978C3	NULL (NULL:0) (amdxx64:0x00007FFA9F5F0000) ( 0x55ca09c0, 0x5534c3f8, 0x55ca09c0, 0x0 ) 
0x00007FFA9F697A7F	NULL (NULL:0) (amdxx64:0x00007FFA9F5F0000) ( 0x0, 0x0, 0x0, 0x0 ) 
0x00007FFAA0397E4F	NULL (NULL:0) (amdxx64:0x00007FFA9F5F0000) ( 0x0, 0x0, 0x0, 0x0 ) 
0x00007FFAAFCDE957	NULL (NULL:0) (KERNEL32:0x00007FFAAFCB0000) ( 0x0, 0x0, 0xfffffb30, 0xfffffb30 ) 

Thread 31184
=====================
0x00007FFAB1203CB4	NULL (NULL:0) (ntdll:0x00007FFAB10A0000) ( 0x0, 0x0, 0x0, 0x159bfbb8 ) 
0x00007FFAB10DFE7B	NULL (NULL:0) (ntdll:0x00007FFAB10A0000) ( 0x0, 0x5534c488, 0x0, 0x0 ) 
0x00007FFAAE9E3D48	NULL (NULL:0) (KERNELBASE:0x00007FFAAE9C0000) ( 0x55ca0ab0, 0x0, 0x0, 0x0 ) 
0x00007FFA9F6978C3	NULL (NULL:0) (amdxx64:0x00007FFA9F5F0000) ( 0x55ca0ab0, 0x5534c3f8, 0x55ca0ab0, 0x0 ) 
0x00007FFA9F697A7F	NULL (NULL:0) (amdxx64:0x00007FFA9F5F0000) ( 0x0, 0x0, 0x0, 0x0 ) 
0x00007FFAA0397E4F	NULL (NULL:0) (amdxx64:0x00007FFA9F5F0000) ( 0x0, 0x0, 0x0, 0x0 ) 
0x00007FFAAFCDE957	NULL (NULL:0) (KERNEL32:0x00007FFAAFCB0000) ( 0x0, 0x0, 0xfffffb30, 0xfffffb30 ) 

Thread 19604
=====================
0x00007FFAB1203CB4	NULL (NULL:0) (ntdll:0x00007FFAB10A0000) ( 0x0, 0x0, 0x0, 0x1616f6f8 ) 
0x00007FFAB10DFE7B	NULL (NULL:0) (ntdll:0x00007FFAB10A0000) ( 0x0, 0x5534c498, 0x0, 0x0 ) 
0x00007FFAAE9E3D48	NULL (NULL:0) (KERNELBASE:0x00007FFAAE9C0000) ( 0x55ca0a50, 0x0, 0x0, 0x0 ) 
0x00007FFA9F6978C3	NULL (NULL:0) (amdxx64:0x00007FFA9F5F0000) ( 0x55ca0a50, 0x5534c3f8, 0x55ca0a50, 0x0 ) 
0x00007FFA9F697A7F	NULL (NULL:0) (amdxx64:0x00007FFA9F5F0000) ( 0x0, 0x0, 0x0, 0x0 ) 
0x00007FFAA0397E4F	NULL (NULL:0) (amdxx64:0x00007FFA9F5F0000) ( 0x0, 0x0, 0x0, 0x0 ) 
0x00007FFAAFCDE957	NULL (NULL:0) (KERNEL32:0x00007FFAAFCB0000) ( 0x0, 0x0, 0xfffffb30, 0xfffffb30 ) 

Thread 14440
=====================
0x00007FFAB1203CB4	NULL (NULL:0) (ntdll:0x00007FFAB10A0000) ( 0x0, 0x0, 0x0, 0x1691f8b8 ) 
0x00007FFAB10DFE7B	NULL (NULL:0) (ntdll:0x00007FFAB10A0000) ( 0x0, 0x5534c4a8, 0x0, 0x0 ) 
0x00007FFAAE9E3D48	NULL (NULL:0) (KERNELBASE:0x00007FFAAE9C0000) ( 0x55ca0ae0, 0x0, 0x0, 0x0 ) 
0x00007FFA9F6978C3	NULL (NULL:0) (amdxx64:0x00007FFA9F5F0000) ( 0x55ca0ae0, 0x5534c3f8, 0x55ca0ae0, 0x0 ) 
0x00007FFA9F697A7F	NULL (NULL:0) (amdxx64:0x00007FFA9F5F0000) ( 0x0, 0x0, 0x0, 0x0 ) 
0x00007FFAA0397E4F	NULL (NULL:0) (amdxx64:0x00007FFA9F5F0000) ( 0x0, 0x0, 0x0, 0x0 ) 
0x00007FFAAFCDE957	NULL (NULL:0) (KERNEL32:0x00007FFAAFCB0000) ( 0x0, 0x0, 0xfffffb30, 0xfffffb30 ) 

Thread 25212
=====================
0x00007FFAB1203CB4	NULL (NULL:0) (ntdll:0x00007FFAB10A0000) ( 0x0, 0x0, 0x0, 0x170cf8e8 ) 
0x00007FFAB10DFE7B	NULL (NULL:0) (ntdll:0x00007FFAB10A0000) ( 0x0, 0x5534c4b8, 0x0, 0x0 ) 
0x00007FFAAE9E3D48	NULL (NULL:0) (KERNELBASE:0x00007FFAAE9C0000) ( 0x55ca0b70, 0x0, 0x0, 0x0 ) 
0x00007FFA9F6978C3	NULL (NULL:0) (amdxx64:0x00007FFA9F5F0000) ( 0x55ca0b70, 0x5534c3f8, 0x55ca0b70, 0x0 ) 
0x00007FFA9F697A7F	NULL (NULL:0) (amdxx64:0x00007FFA9F5F0000) ( 0x0, 0x0, 0x0, 0x0 ) 
0x00007FFAA0397E4F	NULL (NULL:0) (amdxx64:0x00007FFA9F5F0000) ( 0x0, 0x0, 0x0, 0x0 ) 
0x00007FFAAFCDE957	NULL (NULL:0) (KERNEL32:0x00007FFAAFCB0000) ( 0x0, 0x0, 0xfffffb30, 0xfffffb30 ) 

Thread 11248
=====================
0x00007FFAB1203CB4	NULL (NULL:0) (ntdll:0x00007FFAB10A0000) ( 0x0, 0x0, 0x0, 0x1787f678 ) 
0x00007FFAB10DFE7B	NULL (NULL:0) (ntdll:0x00007FFAB10A0000) ( 0x0, 0x5534c4c8, 0x0, 0x0 ) 
0x00007FFAAE9E3D48	NULL (NULL:0) (KERNELBASE:0x00007FFAAE9C0000) ( 0x55cc3130, 0x0, 0x0, 0x0 ) 
0x00007FFA9F6978C3	NULL (NULL:0) (amdxx64:0x00007FFA9F5F0000) ( 0x55cc3130, 0x5534c3f8, 0x55cc3130, 0x0 ) 
0x00007FFA9F697A7F	NULL (NULL:0) (amdxx64:0x00007FFA9F5F0000) ( 0x0, 0x0, 0x0, 0x0 ) 
0x00007FFAA0397E4F	NULL (NULL:0) (amdxx64:0x00007FFA9F5F0000) ( 0x0, 0x0, 0x0, 0x0 ) 
0x00007FFAAFCDE957	NULL (NULL:0) (KERNEL32:0x00007FFAAFCB0000) ( 0x0, 0x0, 0xfffffb30, 0xfffffb30 ) 

Thread 23996
=====================
0x00007FFAB1203CB4	NULL (NULL:0) (ntdll:0x00007FFAB10A0000) ( 0x0, 0x0, 0x0, 0x1802f8e8 ) 
0x00007FFAB10DFE7B	NULL (NULL:0) (ntdll:0x00007FFAB10A0000) ( 0x0, 0x5534c4d8, 0x0, 0x0 ) 
0x00007FFAAE9E3D48	NULL (NULL:0) (KERNELBASE:0x00007FFAAE9C0000) ( 0x55cc2f80, 0x0, 0x0, 0x0 ) 
0x00007FFA9F6978C3	NULL (NULL:0) (amdxx64:0x00007FFA9F5F0000) ( 0x55cc2f80, 0x5534c3f8, 0x55cc2f80, 0x0 ) 
0x00007FFA9F697A7F	NULL (NULL:0) (amdxx64:0x00007FFA9F5F0000) ( 0x0, 0x0, 0x0, 0x0 ) 
0x00007FFAA0397E4F	NULL (NULL:0) (amdxx64:0x00007FFA9F5F0000) ( 0x0, 0x0, 0x0, 0x0 ) 
0x00007FFAAFCDE957	NULL (NULL:0) (KERNEL32:0x00007FFAAFCB0000) ( 0x0, 0x0, 0xfffffb30, 0xfffffb30 ) 

Thread 12656
=====================
0x00007FFAB1203CB4	NULL (NULL:0) (ntdll:0x00007FFAB10A0000) ( 0x0, 0x0, 0x0, 0x187dfdd8 ) 
0x00007FFAB10DFE7B	NULL (NULL:0) (ntdll:0x00007FFAB10A0000) ( 0x0, 0x5534c4e8, 0x0, 0x0 ) 
0x00007FFAAE9E3D48	NULL (NULL:0) (KERNELBASE:0x00007FFAAE9C0000) ( 0x55cc2e00, 0x0, 0x0, 0x0 ) 
0x00007FFA9F6978C3	NULL (NULL:0) (amdxx64:0x00007FFA9F5F0000) ( 0x55cc2e00, 0x5534c3f8, 0x55cc2e00, 0x0 ) 
0x00007FFA9F697A7F	NULL (NULL:0) (amdxx64:0x00007FFA9F5F0000) ( 0x0, 0x0, 0x0, 0x0 ) 
0x00007FFAA0397E4F	NULL (NULL:0) (amdxx64:0x00007FFA9F5F0000) ( 0x0, 0x0, 0x0, 0x0 ) 
0x00007FFAAFCDE957	NULL (NULL:0) (KERNEL32:0x00007FFAAFCB0000) ( 0x0, 0x0, 0xfffffb30, 0xfffffb30 ) 

Thread 29652
=====================
0x00007FFAB1203CB4	NULL (NULL:0) (ntdll:0x00007FFAB10A0000) ( 0x0, 0x0, 0x0, 0x18f8f688 ) 
0x00007FFAB10DFE7B	NULL (NULL:0) (ntdll:0x00007FFAB10A0000) ( 0x0, 0x5534c4f8, 0x0, 0x0 ) 
0x00007FFAAE9E3D48	NULL (NULL:0) (KERNELBASE:0x00007FFAAE9C0000) ( 0x55cc3160, 0x0, 0x0, 0x0 ) 
0x00007FFA9F6978C3	NULL (NULL:0) (amdxx64:0x00007FFA9F5F0000) ( 0x55cc3160, 0x5534c3f8, 0x55cc3160, 0x0 ) 
0x00007FFA9F697A7F	NULL (NULL:0) (amdxx64:0x00007FFA9F5F0000) ( 0x0, 0x0, 0x0, 0x0 ) 
0x00007FFAA0397E4F	NULL (NULL:0) (amdxx64:0x00007FFA9F5F0000) ( 0x0, 0x0, 0x0, 0x0 ) 
0x00007FFAAFCDE957	NULL (NULL:0) (KERNEL32:0x00007FFAAFCB0000) ( 0x0, 0x0, 0xfffffb30, 0xfffffb30 ) 

Thread 27464
=====================
0x00007FFAB1203CB4	NULL (NULL:0) (ntdll:0x00007FFAB10A0000) ( 0x0, 0x0, 0x0, 0x1973fd08 ) 
0x00007FFAB10DFE7B	NULL (NULL:0) (ntdll:0x00007FFAB10A0000) ( 0x0, 0x5534c508, 0x0, 0x0 ) 
0x00007FFAAE9E3D48	NULL (NULL:0) (KERNELBASE:0x00007FFAAE9C0000) ( 0x55cc2e90, 0x0, 0x0, 0x0 ) 
0x00007FFA9F6978C3	NULL (NULL:0) (amdxx64:0x00007FFA9F5F0000) ( 0x55cc2e90, 0x5534c3f8, 0x55cc2e90, 0x0 ) 
0x00007FFA9F697A7F	NULL (NULL:0) (amdxx64:0x00007FFA9F5F0000) ( 0x0, 0x0, 0x0, 0x0 ) 
0x00007FFAA0397E4F	NULL (NULL:0) (amdxx64:0x00007FFA9F5F0000) ( 0x0, 0x0, 0x0, 0x0 ) 
0x00007FFAAFCDE957	NULL (NULL:0) (KERNEL32:0x00007FFAAFCB0000) ( 0x0, 0x0, 0xfffffb30, 0xfffffb30 ) 

Thread 15696
=====================
0x00007FFAB1203CB4	NULL (NULL:0) (ntdll:0x00007FFAB10A0000) ( 0x0, 0x0, 0x0, 0x19eefd48 ) 
0x00007FFAB10DFE7B	NULL (NULL:0) (ntdll:0x00007FFAB10A0000) ( 0x0, 0x5534c518, 0x0, 0x0 ) 
0x00007FFAAE9E3D48	NULL (NULL:0) (KERNELBASE:0x00007FFAAE9C0000) ( 0x55cc2ef0, 0x0, 0x0, 0x0 ) 
0x00007FFA9F6978C3	NULL (NULL:0) (amdxx64:0x00007FFA9F5F0000) ( 0x55cc2ef0, 0x5534c3f8, 0x55cc2ef0, 0x0 ) 
0x00007FFA9F697A7F	NULL (NULL:0) (amdxx64:0x00007FFA9F5F0000) ( 0x0, 0x0, 0x0, 0x0 ) 
0x00007FFAA0397E4F	NULL (NULL:0) (amdxx64:0x00007FFA9F5F0000) ( 0x0, 0x0, 0x0, 0x0 ) 
0x00007FFAAFCDE957	NULL (NULL:0) (KERNEL32:0x00007FFAAFCB0000) ( 0x0, 0x0, 0xfffffb30, 0xfffffb30 ) 

Thread 7240
=====================
0x00007FFAB1203CB4	NULL (NULL:0) (ntdll:0x00007FFAB10A0000) ( 0x0, 0x0, 0x0, 0x1a69fc98 ) 
0x00007FFAB10DFE7B	NULL (NULL:0) (ntdll:0x00007FFAB10A0000) ( 0x0, 0x5534c528, 0x0, 0x0 ) 
0x00007FFAAE9E3D48	NULL (NULL:0) (KERNELBASE:0x00007FFAAE9C0000) ( 0x55cc29b0, 0x0, 0x0, 0x0 ) 
0x00007FFA9F6978C3	NULL (NULL:0) (amdxx64:0x00007FFA9F5F0000) ( 0x55cc29b0, 0x5534c3f8, 0x55cc29b0, 0x0 ) 
0x00007FFA9F697A7F	NULL (NULL:0) (amdxx64:0x00007FFA9F5F0000) ( 0x0, 0x0, 0x0, 0x0 ) 
0x00007FFAA0397E4F	NULL (NULL:0) (amdxx64:0x00007FFA9F5F0000) ( 0x0, 0x0, 0x0, 0x0 ) 
0x00007FFAAFCDE957	NULL (NULL:0) (KERNEL32:0x00007FFAAFCB0000) ( 0x0, 0x0, 0xfffffb30, 0xfffffb30 ) 

Thread 34672
=====================
0x00007FFAB1203CB4	NULL (NULL:0) (ntdll:0x00007FFAB10A0000) ( 0x0, 0x0, 0x0, 0x1ae4f998 ) 
0x00007FFAB10DFE7B	NULL (NULL:0) (ntdll:0x00007FFAB10A0000) ( 0x0, 0x5534c538, 0x0, 0x0 ) 
0x00007FFAAE9E3D48	NULL (NULL:0) (KERNELBASE:0x00007FFAAE9C0000) ( 0x55cc3220, 0x0, 0x0, 0x0 ) 
0x00007FFA9F6978C3	NULL (NULL:0) (amdxx64:0x00007FFA9F5F0000) ( 0x55cc3220, 0x5534c3f8, 0x55cc3220, 0x0 ) 
0x00007FFA9F697A7F	NULL (NULL:0) (amdxx64:0x00007FFA9F5F0000) ( 0x0, 0x0, 0x0, 0x0 ) 
0x00007FFAA0397E4F	NULL (NULL:0) (amdxx64:0x00007FFA9F5F0000) ( 0x0, 0x0, 0x0, 0x0 ) 
0x00007FFAAFCDE957	NULL (NULL:0) (KERNEL32:0x00007FFAAFCB0000) ( 0x0, 0x0, 0xfffffb30, 0xfffffb30 ) 

Thread 15840
=====================
0x00007FFAB1203CB4	NULL (NULL:0) (ntdll:0x00007FFAB10A0000) ( 0x0, 0x0, 0x0, 0x1b5ff9f8 ) 
0x00007FFAB10DFE7B	NULL (NULL:0) (ntdll:0x00007FFAB10A0000) ( 0x0, 0x5534c548, 0x0, 0x0 ) 
0x00007FFAAE9E3D48	NULL (NULL:0) (KERNELBASE:0x00007FFAAE9C0000) ( 0x55cc3250, 0x0, 0x0, 0x0 ) 
0x00007FFA9F6978C3	NULL (NULL:0) (amdxx64:0x00007FFA9F5F0000) ( 0x55cc3250, 0x5534c3f8, 0x55cc3250, 0x0 ) 
0x00007FFA9F697A7F	NULL (NULL:0) (amdxx64:0x00007FFA9F5F0000) ( 0x0, 0x0, 0x0, 0x0 ) 
0x00007FFAA0397E4F	NULL (NULL:0) (amdxx64:0x00007FFA9F5F0000) ( 0x0, 0x0, 0x0, 0x0 ) 
0x00007FFAAFCDE957	NULL (NULL:0) (KERNEL32:0x00007FFAAFCB0000) ( 0x0, 0x0, 0xfffffb30, 0xfffffb30 ) 

Thread 31640
=====================
0x00007FFAB1203CB4	NULL (NULL:0) (ntdll:0x00007FFAB10A0000) ( 0x0, 0x0, 0x0, 0x1bdafa88 ) 
0x00007FFAB10DFE7B	NULL (NULL:0) (ntdll:0x00007FFAB10A0000) ( 0x0, 0x5534c558, 0x0, 0x0 ) 
0x00007FFAAE9E3D48	NULL (NULL:0) (KERNELBASE:0x00007FFAAE9C0000) ( 0x55cc2fb0, 0x0, 0x0, 0x0 ) 
0x00007FFA9F6978C3	NULL (NULL:0) (amdxx64:0x00007FFA9F5F0000) ( 0x55cc2fb0, 0x5534c3f8, 0x55cc2fb0, 0x0 ) 
0x00007FFA9F697A7F	NULL (NULL:0) (amdxx64:0x00007FFA9F5F0000) ( 0x0, 0x0, 0x0, 0x0 ) 
0x00007FFAA0397E4F	NULL (NULL:0) (amdxx64:0x00007FFA9F5F0000) ( 0x0, 0x0, 0x0, 0x0 ) 
0x00007FFAAFCDE957	NULL (NULL:0) (KERNEL32:0x00007FFAAFCB0000) ( 0x0, 0x0, 0xfffffb30, 0xfffffb30 ) 

Thread 10148
=====================
0x00007FFAB1203CB4	NULL (NULL:0) (ntdll:0x00007FFAB10A0000) ( 0x0, 0x0, 0x0, 0x1c55fcc8 ) 
0x00007FFAB10DFE7B	NULL (NULL:0) (ntdll:0x00007FFAB10A0000) ( 0x0, 0x5534c568, 0x0, 0x0 ) 
0x00007FFAAE9E3D48	NULL (NULL:0) (KERNELBASE:0x00007FFAAE9C0000) ( 0x55cc2fe0, 0x0, 0x0, 0x0 ) 
0x00007FFA9F6978C3	NULL (NULL:0) (amdxx64:0x00007FFA9F5F0000) ( 0x55cc2fe0, 0x5534c3f8, 0x55cc2fe0, 0x0 ) 
0x00007FFA9F697A7F	NULL (NULL:0) (amdxx64:0x00007FFA9F5F0000) ( 0x0, 0x0, 0x0, 0x0 ) 
0x00007FFAA0397E4F	NULL (NULL:0) (amdxx64:0x00007FFA9F5F0000) ( 0x0, 0x0, 0x0, 0x0 ) 
0x00007FFAAFCDE957	NULL (NULL:0) (KERNEL32:0x00007FFAAFCB0000) ( 0x0, 0x0, 0xfffffb30, 0xfffffb30 ) 

Thread 17556
=====================
0x00007FFAB1203CB4	NULL (NULL:0) (ntdll:0x00007FFAB10A0000) ( 0x0, 0x0, 0x0, 0x1cd0fe08 ) 
0x00007FFAB10DFE7B	NULL (NULL:0) (ntdll:0x00007FFAB10A0000) ( 0x0, 0x5534c578, 0x0, 0x0 ) 
0x00007FFAAE9E3D48	NULL (NULL:0) (KERNELBASE:0x00007FFAAE9C0000) ( 0x55cc3280, 0x0, 0x0, 0x0 ) 
0x00007FFA9F6978C3	NULL (NULL:0) (amdxx64:0x00007FFA9F5F0000) ( 0x55cc3280, 0x5534c3f8, 0x55cc3280, 0x0 ) 
0x00007FFA9F697A7F	NULL (NULL:0) (amdxx64:0x00007FFA9F5F0000) ( 0x0, 0x0, 0x0, 0x0 ) 
0x00007FFAA0397E4F	NULL (NULL:0) (amdxx64:0x00007FFA9F5F0000) ( 0x0, 0x0, 0x0, 0x0 ) 
0x00007FFAAFCDE957	NULL (NULL:0) (KERNEL32:0x00007FFAAFCB0000) ( 0x0, 0x0, 0xfffffb30, 0xfffffb30 ) 

Thread 32860
=====================
0x00007FFAB1203CB4	NULL (NULL:0) (ntdll:0x00007FFAB10A0000) ( 0x0, 0x0, 0x0, 0x1d4bfd58 ) 
0x00007FFAB10DFE7B	NULL (NULL:0) (ntdll:0x00007FFAB10A0000) ( 0x0, 0x5534c588, 0x0, 0x0 ) 
0x00007FFAAE9E3D48	NULL (NULL:0) (KERNELBASE:0x00007FFAAE9C0000) ( 0x55cc32b0, 0x0, 0x0, 0x0 ) 
0x00007FFA9F6978C3	NULL (NULL:0) (amdxx64:0x00007FFA9F5F0000) ( 0x55cc32b0, 0x5534c3f8, 0x55cc32b0, 0x0 ) 
0x00007FFA9F697A7F	NULL (NULL:0) (amdxx64:0x00007FFA9F5F0000) ( 0x0, 0x0, 0x0, 0x0 ) 
0x00007FFAA0397E4F	NULL (NULL:0) (amdxx64:0x00007FFA9F5F0000) ( 0x0, 0x0, 0x0, 0x0 ) 
0x00007FFAAFCDE957	NULL (NULL:0) (KERNEL32:0x00007FFAAFCB0000) ( 0x0, 0x0, 0xfffffb30, 0xfffffb30 ) 

Thread 33852
=====================
0x00007FFAB1203CB4	NULL (NULL:0) (ntdll:0x00007FFAB10A0000) ( 0x0, 0x0, 0x0, 0x1dc6f6f8 ) 
0x00007FFAB10DFE7B	NULL (NULL:0) (ntdll:0x00007FFAB10A0000) ( 0x0, 0x5534c598, 0x0, 0x0 ) 
0x00007FFAAE9E3D48	NULL (NULL:0) (KERNELBASE:0x00007FFAAE9C0000) ( 0x55cc2d10, 0x0, 0x0, 0x0 ) 
0x00007FFA9F6978C3	NULL (NULL:0) (amdxx64:0x00007FFA9F5F0000) ( 0x55cc2d10, 0x5534c3f8, 0x55cc2d10, 0x0 ) 
0x00007FFA9F697A7F	NULL (NULL:0) (amdxx64:0x00007FFA9F5F0000) ( 0x0, 0x0, 0x0, 0x0 ) 
0x00007FFAA0397E4F	NULL (NULL:0) (amdxx64:0x00007FFA9F5F0000) ( 0x0, 0x0, 0x0, 0x0 ) 
0x00007FFAAFCDE957	NULL (NULL:0) (KERNEL32:0x00007FFAAFCB0000) ( 0x0, 0x0, 0xfffffb30, 0xfffffb30 ) 

Thread 22784
=====================
0x00007FFAB1203CB4	NULL (NULL:0) (ntdll:0x00007FFAB10A0000) ( 0x0, 0x0, 0x0, 0x1e41fcc8 ) 
0x00007FFAB10DFE7B	NULL (NULL:0) (ntdll:0x00007FFAB10A0000) ( 0x0, 0x5534c5a8, 0x0, 0x0 ) 
0x00007FFAAE9E3D48	NULL (NULL:0) (KERNELBASE:0x00007FFAAE9C0000) ( 0x55cc2e30, 0x0, 0x0, 0x0 ) 
0x00007FFA9F6978C3	NULL (NULL:0) (amdxx64:0x00007FFA9F5F0000) ( 0x55cc2e30, 0x5534c3f8, 0x55cc2e30, 0x0 ) 
0x00007FFA9F697A7F	NULL (NULL:0) (amdxx64:0x00007FFA9F5F0000) ( 0x0, 0x0, 0x0, 0x0 ) 
0x00007FFAA0397E4F	NULL (NULL:0) (amdxx64:0x00007FFA9F5F0000) ( 0x0, 0x0, 0x0, 0x0 ) 
0x00007FFAAFCDE957	NULL (NULL:0) (KERNEL32:0x00007FFAAFCB0000) ( 0x0, 0x0, 0xfffffb30, 0xfffffb30 ) 

Thread 28844
=====================
0x00007FFAB1203CB4	NULL (NULL:0) (ntdll:0x00007FFAB10A0000) ( 0x0, 0x0, 0x0, 0x1ebcfa08 ) 
0x00007FFAB10DFE7B	NULL (NULL:0) (ntdll:0x00007FFAB10A0000) ( 0x0, 0x5534c5b8, 0x0, 0x0 ) 
0x00007FFAAE9E3D48	NULL (NULL:0) (KERNELBASE:0x00007FFAAE9C0000) ( 0x55cc31c0, 0x0, 0x0, 0x0 ) 
0x00007FFA9F6978C3	NULL (NULL:0) (amdxx64:0x00007FFA9F5F0000) ( 0x55cc31c0, 0x5534c3f8, 0x55cc31c0, 0x0 ) 
0x00007FFA9F697A7F	NULL (NULL:0) (amdxx64:0x00007FFA9F5F0000) ( 0x0, 0x0, 0x0, 0x0 ) 
0x00007FFAA0397E4F	NULL (NULL:0) (amdxx64:0x00007FFA9F5F0000) ( 0x0, 0x0, 0x0, 0x0 ) 
0x00007FFAAFCDE957	NULL (NULL:0) (KERNEL32:0x00007FFAAFCB0000) ( 0x0, 0x0, 0xfffffb30, 0xfffffb30 ) 

Thread 2896
=====================
0x00007FFAB1203CB4	NULL (NULL:0) (ntdll:0x00007FFAB10A0000) ( 0x0, 0x0, 0x0, 0x1f37fb58 ) 
0x00007FFAB10DFE7B	NULL (NULL:0) (ntdll:0x00007FFAB10A0000) ( 0x0, 0x5534c5c8, 0x0, 0x0 ) 
0x00007FFAAE9E3D48	NULL (NULL:0) (KERNELBASE:0x00007FFAAE9C0000) ( 0x55cc2ad0, 0x0, 0x0, 0x0 ) 
0x00007FFA9F6978C3	NULL (NULL:0) (amdxx64:0x00007FFA9F5F0000) ( 0x55cc2ad0, 0x5534c3f8, 0x55cc2ad0, 0x0 ) 
0x00007FFA9F697A7F	NULL (NULL:0) (amdxx64:0x00007FFA9F5F0000) ( 0x0, 0x0, 0x0, 0x0 ) 
0x00007FFAA0397E4F	NULL (NULL:0) (amdxx64:0x00007FFA9F5F0000) ( 0x0, 0x0, 0x0, 0x0 ) 
0x00007FFAAFCDE957	NULL (NULL:0) (KERNEL32:0x00007FFAAFCB0000) ( 0x0, 0x0, 0xfffffb30, 0xfffffb30 ) 

Thread 37920
=====================
0x00007FFAB1203CB4	NULL (NULL:0) (ntdll:0x00007FFAB10A0000) ( 0x0, 0x0, 0x0, 0x1fb2fcb8 ) 
0x00007FFAB10DFE7B	NULL (NULL:0) (ntdll:0x00007FFAB10A0000) ( 0x0, 0x5534c5d8, 0x0, 0x0 ) 
0x00007FFAAE9E3D48	NULL (NULL:0) (KERNELBASE:0x00007FFAAE9C0000) ( 0x55cc2f20, 0x0, 0x0, 0x0 ) 
0x00007FFA9F6978C3	NULL (NULL:0) (amdxx64:0x00007FFA9F5F0000) ( 0x55cc2f20, 0x5534c3f8, 0x55cc2f20, 0x0 ) 
0x00007FFA9F697A7F	NULL (NULL:0) (amdxx64:0x00007FFA9F5F0000) ( 0x0, 0x0, 0x0, 0x0 ) 
0x00007FFAA0397E4F	NULL (NULL:0) (amdxx64:0x00007FFA9F5F0000) ( 0x0, 0x0, 0x0, 0x0 ) 
0x00007FFAAFCDE957	NULL (NULL:0) (KERNEL32:0x00007FFAAFCB0000) ( 0x0, 0x0, 0xfffffb30, 0xfffffb30 ) 

Thread 25464
=====================
0x00007FFAB1203CB4	NULL (NULL:0) (ntdll:0x00007FFAB10A0000) ( 0x0, 0x0, 0x0, 0x202dfd68 ) 
0x00007FFAB10DFE7B	NULL (NULL:0) (ntdll:0x00007FFAB10A0000) ( 0x0, 0x5534c5e8, 0x0, 0x0 ) 
0x00007FFAAE9E3D48	NULL (NULL:0) (KERNELBASE:0x00007FFAAE9C0000) ( 0x55cc2e60, 0x0, 0x0, 0x0 ) 
0x00007FFA9F6978C3	NULL (NULL:0) (amdxx64:0x00007FFA9F5F0000) ( 0x55cc2e60, 0x5534c3f8, 0x55cc2e60, 0x0 ) 
0x00007FFA9F697A7F	NULL (NULL:0) (amdxx64:0x00007FFA9F5F0000) ( 0x0, 0x0, 0x0, 0x0 ) 
0x00007FFAA0397E4F	NULL (NULL:0) (amdxx64:0x00007FFA9F5F0000) ( 0x0, 0x0, 0x0, 0x0 ) 
0x00007FFAAFCDE957	NULL (NULL:0) (KERNEL32:0x00007FFAAFCB0000) ( 0x0, 0x0, 0xfffffb30, 0xfffffb30 ) 

Thread 16680
=====================
0x00007FFAB1203CB4	NULL (NULL:0) (ntdll:0x00007FFAB10A0000) ( 0x0, 0x0, 0x0, 0x20a8fa98 ) 
0x00007FFAB10DFE7B	NULL (NULL:0) (ntdll:0x00007FFAB10A0000) ( 0x0, 0x5534c5f8, 0x0, 0x0 ) 
0x00007FFAAE9E3D48	NULL (NULL:0) (KERNELBASE:0x00007FFAAE9C0000) ( 0x55cc2ec0, 0x0, 0x0, 0x0 ) 
0x00007FFA9F6978C3	NULL (NULL:0) (amdxx64:0x00007FFA9F5F0000) ( 0x55cc2ec0, 0x5534c3f8, 0x55cc2ec0, 0x0 ) 
0x00007FFA9F697A7F	NULL (NULL:0) (amdxx64:0x00007FFA9F5F0000) ( 0x0, 0x0, 0x0, 0x0 ) 
0x00007FFAA0397E4F	NULL (NULL:0) (amdxx64:0x00007FFA9F5F0000) ( 0x0, 0x0, 0x0, 0x0 ) 
0x00007FFAAFCDE957	NULL (NULL:0) (KERNEL32:0x00007FFAAFCB0000) ( 0x0, 0x0, 0xfffffb30, 0xfffffb30 ) 

Thread 19324
=====================
0x00007FFAB12000E4	NULL (NULL:0) (ntdll:0x00007FFAB10A0000) ( 0x0, 0x0, 0x2123f8b0, 0x7811 ) 
0x00007FFAAE9DC11F	NULL (NULL:0) (KERNELBASE:0x00007FFAAE9C0000) ( 0x0, 0x56, 0x0, 0x2158 ) 
0x00007FF9B1AC82F1	NULL (NULL:0) (nvwgf2umx:0x00007FF9B1880000) ( 0x55cc35e0, 0x55cc35e0, 0x0, 0x0 ) 
0x00007FF9B26F00DA	NULL (NULL:0) (nvwgf2umx:0x00007FF9B1880000) ( 0x0, 0x0, 0x0, 0x0 ) 
0x00007FFAAFCDE957	NULL (NULL:0) (KERNEL32:0x00007FFAAFCB0000) ( 0x0, 0x0, 0xfffffb30, 0xfffffb30 ) 

Thread 11416
=====================
0x00007FFAB1200BB4	NULL (NULL:0) (ntdll:0x00007FFAB10A0000) ( 0x0, 0x0, 0x0, 0x0 ) 
0x00007FFAAE9E29F3	NULL (NULL:0) (KERNELBASE:0x00007FFAAE9C0000) ( 0x406d1388, 0x0, 0x66f6e20, 0x0 ) 
0x00007FFAAE9E28C1	NULL (NULL:0) (KERNELBASE:0x00007FFAAE9C0000) ( 0x0, 0xb22e1d22, 0x0, 0x0 ) 
0x00007FF9B2207BB7	NULL (NULL:0) (nvwgf2umx:0x00007FF9B1880000) ( 0x0, 0x66f6e20, 0x0, 0x0 ) 
0x00007FF9B22E1D2A	NULL (NULL:0) (nvwgf2umx:0x00007FF9B1880000) ( 0x55cc3670, 0x0, 0x0, 0x0 ) 
0x00007FF9B26F00DA	NULL (NULL:0) (nvwgf2umx:0x00007FF9B1880000) ( 0x0, 0x0, 0x0, 0x0 ) 
0x00007FFAAFCDE957	NULL (NULL:0) (KERNEL32:0x00007FFAAFCB0000) ( 0x0, 0x0, 0xfffffb30, 0xfffffb30 ) 

Thread 7400
=====================
0x00007FFAB12000E4	NULL (NULL:0) (ntdll:0x00007FFAB10A0000) ( 0x10, 0xc17c0840, 0xbeab0870, 0x10 ) 
0x00007FFAAE9DC11F	NULL (NULL:0) (KERNELBASE:0x00007FFAAE9C0000) ( 0x9147c388, 0x0, 0x0, 0x2670 ) 
0x00007FF9CA57A73B	NULL (NULL:0) (baselibmt:0x00007FF9CA540000) ( 0x5417e020, 0x5417e001, 0x8, 0x40 ) 
0x00007FF9CA62D345	NULL (NULL:0) (baselibmt:0x00007FF9CA540000) ( 0x91050900, 0x0, 0x9147c370, 0x7fffffff ) 
0x00007FFAAE4ACD30	NULL (NULL:0) (ucrtbase:0x00007FFAAE480000) ( 0x0, 0x0, 0x0, 0x0 ) 
0x00007FFAAFCDE957	NULL (NULL:0) (KERNEL32:0x00007FFAAFCB0000) ( 0x0, 0x0, 0xfffffb30, 0xfffffb30 ) 

Thread 34668
=====================
0x00007FFAB12000E4	NULL (NULL:0) (ntdll:0x00007FFAB10A0000) ( 0x10, 0xc17c0840, 0xbeab0870, 0x10 ) 
0x00007FFAAE9DC11F	NULL (NULL:0) (KERNELBASE:0x00007FFAAE9C0000) ( 0x9147c208, 0x0, 0x0, 0x2de4 ) 
0x00007FF9CA57A73B	NULL (NULL:0) (baselibmt:0x00007FF9CA540000) ( 0x5417e020, 0x5417e001, 0x8, 0x40 ) 
0x00007FF9CA62D345	NULL (NULL:0) (baselibmt:0x00007FF9CA540000) ( 0x91050c00, 0x0, 0x9147c1f0, 0x7fffffff ) 
0x00007FFAAE4ACD30	NULL (NULL:0) (ucrtbase:0x00007FFAAE480000) ( 0x0, 0x0, 0x0, 0x0 ) 
0x00007FFAAFCDE957	NULL (NULL:0) (KERNEL32:0x00007FFAAFCB0000) ( 0x0, 0x0, 0xfffffb30, 0xfffffb30 ) 

Thread 24148
=====================
0x00007FFAB1203CB4	NULL (NULL:0) (ntdll:0x00007FFAB10A0000) ( 0x102, 0xb10e016f, 0x1203000, 0x2315fce0 ) 
0x00007FFAB10DFE7B	NULL (NULL:0) (ntdll:0x00007FFAB10A0000) ( 0x0, 0x0, 0x0, 0xb10e13e2 ) 
0x00007FFAAE9E3D48	NULL (NULL:0) (KERNELBASE:0x00007FFAAE9C0000) ( 0xc10b3a10, 0xbf0035d0, 0xf, 0xfff85ee0 ) 
0x00007FF9D84A0198	NULL (NULL:0) (rtlcoremt:0x00007FF9D8480000) ( 0xc10b3a10, 0xc10b3a10, 0x0, 0x0 ) 
0x00007FF9CBEED61E	NULL (NULL:0) (asyncoremt:0x00007FF9CBEB0000) ( 0xcbf4b358, 0xc10b0d00, 0x0, 0x0 ) 
0x00007FF9CA62D10F	NULL (NULL:0) (baselibmt:0x00007FF9CA540000) ( 0x55d13600, 0x0, 0x9147cb70, 0x0 ) 
0x00007FFAAE4ACD30	NULL (NULL:0) (ucrtbase:0x00007FFAAE480000) ( 0x0, 0x0, 0x0, 0x0 ) 
0x00007FFAAFCDE957	NULL (NULL:0) (KERNEL32:0x00007FFAAFCB0000) ( 0x0, 0x0, 0xfffffb30, 0xfffffb30 ) 

Thread 37640
=====================
0x00007FFAB1203CB4	NULL (NULL:0) (ntdll:0x00007FFAB10A0000) ( 0x102, 0xb10e016f, 0x1203000, 0x2390f8a0 ) 
0x00007FFAB10DFE7B	NULL (NULL:0) (ntdll:0x00007FFAB10A0000) ( 0x0, 0x0, 0x0, 0xd84a029e ) 
0x00007FFAAE9E3D48	NULL (NULL:0) (KERNELBASE:0x00007FFAAE9C0000) ( 0xc10b26f0, 0xbee440b0, 0xf, 0xfff85ee0 ) 
0x00007FF9D84A0198	NULL (NULL:0) (rtlcoremt:0x00007FF9D8480000) ( 0xc10b26f0, 0xc10b26f0, 0x0, 0x0 ) 
0x00007FF9CBEED61E	NULL (NULL:0) (asyncoremt:0x00007FF9CBEB0000) ( 0xcbf4b358, 0xc10b2400, 0x0, 0x0 ) 
0x00007FF9CA62D10F	NULL (NULL:0) (baselibmt:0x00007FF9CA540000) ( 0x55d13800, 0x0, 0x9147ba70, 0x0 ) 
0x00007FFAAE4ACD30	NULL (NULL:0) (ucrtbase:0x00007FFAAE480000) ( 0x0, 0x0, 0x0, 0x0 ) 
0x00007FFAAFCDE957	NULL (NULL:0) (KERNEL32:0x00007FFAAFCB0000) ( 0x0, 0x0, 0xfffffb30, 0xfffffb30 ) 

Thread 39312
=====================
0x00007FFAB1203CB4	NULL (NULL:0) (ntdll:0x00007FFAB10A0000) ( 0x102, 0xb10e016f, 0x1203000, 0x240bfcf0 ) 
0x00007FFAB10DFE7B	NULL (NULL:0) (ntdll:0x00007FFAB10A0000) ( 0x0, 0x0, 0x0, 0xd84a029e ) 
0x00007FFAAE9E3D48	NULL (NULL:0) (KERNELBASE:0x00007FFAAE9C0000) ( 0xc10b3d20, 0xbee449e0, 0xf, 0xfff85ee0 ) 
0x00007FF9D84A0198	NULL (NULL:0) (rtlcoremt:0x00007FF9D8480000) ( 0xc10b3d20, 0xc10b3d20, 0x0, 0x0 ) 
0x00007FF9CBEED61E	NULL (NULL:0) (asyncoremt:0x00007FF9CBEB0000) ( 0xcbf4b358, 0xc10b1300, 0x0, 0x0 ) 
0x00007FF9CA62D10F	NULL (NULL:0) (baselibmt:0x00007FF9CA540000) ( 0x55d13700, 0x0, 0x9147b570, 0x0 ) 
0x00007FFAAE4ACD30	NULL (NULL:0) (ucrtbase:0x00007FFAAE480000) ( 0x0, 0x0, 0x0, 0x0 ) 
0x00007FFAAFCDE957	NULL (NULL:0) (KERNEL32:0x00007FFAAFCB0000) ( 0x0, 0x0, 0xfffffb30, 0xfffffb30 ) 

Thread 23400
=====================
0x00007FFAB1203CB4	NULL (NULL:0) (ntdll:0x00007FFAB10A0000) ( 0x102, 0xb10e016f, 0x1203000, 0x2486fca0 ) 
0x00007FFAB10DFE7B	NULL (NULL:0) (ntdll:0x00007FFAB10A0000) ( 0x0, 0x0, 0x0, 0xd84a029e ) 
0x00007FFAAE9E3D48	NULL (NULL:0) (KERNELBASE:0x00007FFAAE9C0000) ( 0xc10b4e00, 0x504a08d0, 0xf, 0xfff85ee0 ) 
0x00007FF9D84A0198	NULL (NULL:0) (rtlcoremt:0x00007FF9D8480000) ( 0xc10b4e00, 0xc10b4e00, 0x0, 0x0 ) 
0x00007FF9CBEED61E	NULL (NULL:0) (asyncoremt:0x00007FF9CBEB0000) ( 0xcbf4b358, 0xc10b0700, 0x0, 0x0 ) 
0x00007FF9CA62D10F	NULL (NULL:0) (baselibmt:0x00007FF9CA540000) ( 0x55d13700, 0x0, 0x9147af70, 0x0 ) 
0x00007FFAAE4ACD30	NULL (NULL:0) (ucrtbase:0x00007FFAAE480000) ( 0x0, 0x0, 0x0, 0x0 ) 
0x00007FFAAFCDE957	NULL (NULL:0) (KERNEL32:0x00007FFAAFCB0000) ( 0x0, 0x0, 0xfffffb30, 0xfffffb30 ) 

Thread 16252
=====================
0x00007FFAB1203CB4	NULL (NULL:0) (ntdll:0x00007FFAB10A0000) ( 0x102, 0xb10e016f, 0x1203000, 0x2501f930 ) 
0x00007FFAB10DFE7B	NULL (NULL:0) (ntdll:0x00007FFAB10A0000) ( 0x0, 0x0, 0x0, 0xd84a029e ) 
0x00007FFAAE9E3D48	NULL (NULL:0) (KERNELBASE:0x00007FFAAE9C0000) ( 0xc10b4380, 0xbeb70870, 0xf, 0xfff85ee0 ) 
0x00007FF9D84A0198	NULL (NULL:0) (rtlcoremt:0x00007FF9D8480000) ( 0xc10b4380, 0xc10b4380, 0x0, 0x0 ) 
0x00007FF9CBEED61E	NULL (NULL:0) (asyncoremt:0x00007FF9CBEB0000) ( 0xcbf4b358, 0xc10b0f00, 0x0, 0x0 ) 
0x00007FF9CA62D10F	NULL (NULL:0) (baselibmt:0x00007FF9CA540000) ( 0x55d13600, 0x0, 0x9147b470, 0x0 ) 
0x00007FFAAE4ACD30	NULL (NULL:0) (ucrtbase:0x00007FFAAE480000) ( 0x0, 0x0, 0x0, 0x0 ) 
0x00007FFAAFCDE957	NULL (NULL:0) (KERNEL32:0x00007FFAAFCB0000) ( 0x0, 0x0, 0xfffffb30, 0xfffffb30 ) 

Thread 18812
=====================
0x00007FFAB1203CB4	NULL (NULL:0) (ntdll:0x00007FFAB10A0000) ( 0x102, 0xb10e016f, 0x1203000, 0x257cf9b0 ) 
0x00007FFAB10DFE7B	NULL (NULL:0) (ntdll:0x00007FFAB10A0000) ( 0x0, 0x0, 0x0, 0xd84a029e ) 
0x00007FFAAE9E3D48	NULL (NULL:0) (KERNELBASE:0x00007FFAAE9C0000) ( 0xc10b4200, 0x80704520, 0xf, 0xfff85ee0 ) 
0x00007FF9D84A0198	NULL (NULL:0) (rtlcoremt:0x00007FF9D8480000) ( 0xc10b4200, 0xc10b4200, 0x0, 0x0 ) 
0x00007FF9CBEED61E	NULL (NULL:0) (asyncoremt:0x00007FF9CBEB0000) ( 0xcbf4b358, 0xc10b1d00, 0x0, 0x0 ) 
0x00007FF9CA62D10F	NULL (NULL:0) (baselibmt:0x00007FF9CA540000) ( 0x55d13800, 0x0, 0x9147baf0, 0x0 ) 
0x00007FFAAE4ACD30	NULL (NULL:0) (ucrtbase:0x00007FFAAE480000) ( 0x0, 0x0, 0x0, 0x0 ) 
0x00007FFAAFCDE957	NULL (NULL:0) (KERNEL32:0x00007FFAAFCB0000) ( 0x0, 0x0, 0xfffffb30, 0xfffffb30 ) 

Thread 11912
=====================
0x00007FFAB1203CB4	NULL (NULL:0) (ntdll:0x00007FFAB10A0000) ( 0x102, 0xb10e016f, 0x1203000, 0x25f7fc40 ) 
0x00007FFAB10DFE7B	NULL (NULL:0) (ntdll:0x00007FFAB10A0000) ( 0x0, 0x0, 0x0, 0xb10e13e2 ) 
0x00007FFAAE9E3D48	NULL (NULL:0) (KERNELBASE:0x00007FFAAE9C0000) ( 0xc10b4b00, 0xbee45310, 0xf, 0xfff85ee0 ) 
0x00007FF9D84A0198	NULL (NULL:0) (rtlcoremt:0x00007FF9D8480000) ( 0xc10b4b00, 0xc10b4b00, 0x0, 0x0 ) 
0x00007FF9CBEED61E	NULL (NULL:0) (asyncoremt:0x00007FF9CBEB0000) ( 0xcbf4b358, 0xc10b1f00, 0x0, 0x0 ) 
0x00007FF9CA62D10F	NULL (NULL:0) (baselibmt:0x00007FF9CA540000) ( 0x55d13600, 0x0, 0x9147be70, 0x0 ) 
0x00007FFAAE4ACD30	NULL (NULL:0) (ucrtbase:0x00007FFAAE480000) ( 0x0, 0x0, 0x0, 0x0 ) 
0x00007FFAAFCDE957	NULL (NULL:0) (KERNEL32:0x00007FFAAFCB0000) ( 0x0, 0x0, 0xfffffb30, 0xfffffb30 ) 

Thread 38840
=====================
0x00007FFAB1203CB4	NULL (NULL:0) (ntdll:0x00007FFAB10A0000) ( 0x102, 0xd848b803, 0x1d56, 0x2672fb50 ) 
0x00007FFAB10DFE7B	NULL (NULL:0) (ntdll:0x00007FFAB10A0000) ( 0x0, 0x0, 0x0, 0xd84a029e ) 
0x00007FFAAE9E3D48	NULL (NULL:0) (KERNELBASE:0x00007FFAAE9C0000) ( 0xc10b4c80, 0xbee45c40, 0xf, 0xfff85ee0 ) 
0x00007FF9D84A0198	NULL (NULL:0) (rtlcoremt:0x00007FF9D8480000) ( 0xc10b4c80, 0xc10b4c80, 0x0, 0x0 ) 
0x00007FF9CBEED61E	NULL (NULL:0) (asyncoremt:0x00007FF9CBEB0000) ( 0xcbf4b358, 0xc10b1100, 0x0, 0x0 ) 
0x00007FF9CA62D10F	NULL (NULL:0) (baselibmt:0x00007FF9CA540000) ( 0x55d13800, 0x0, 0x9147b6f0, 0x0 ) 
0x00007FFAAE4ACD30	NULL (NULL:0) (ucrtbase:0x00007FFAAE480000) ( 0x0, 0x0, 0x0, 0x0 ) 
0x00007FFAAFCDE957	NULL (NULL:0) (KERNEL32:0x00007FFAAFCB0000) ( 0x0, 0x0, 0xfffffb30, 0xfffffb30 ) 

Thread 11432
=====================
0x00007FFAB1203CB4	NULL (NULL:0) (ntdll:0x00007FFAB10A0000) ( 0x102, 0xb10e016f, 0x1203000, 0x26edf6b0 ) 
0x00007FFAB10DFE7B	NULL (NULL:0) (ntdll:0x00007FFAB10A0000) ( 0x0, 0x0, 0x0, 0xd84a029e ) 
0x00007FFAAE9E3D48	NULL (NULL:0) (KERNELBASE:0x00007FFAAE9C0000) ( 0xc10b4680, 0x504a2d10, 0xf, 0xfff85ee0 ) 
0x00007FF9D84A0198	NULL (NULL:0) (rtlcoremt:0x00007FF9D8480000) ( 0xc10b4680, 0xc10b4680, 0x0, 0x0 ) 
0x00007FF9CBEED61E	NULL (NULL:0) (asyncoremt:0x00007FF9CBEB0000) ( 0xcbf4b358, 0xc10b0900, 0x0, 0x0 ) 
0x00007FF9CA62D10F	NULL (NULL:0) (baselibmt:0x00007FF9CA540000) ( 0x55d13700, 0x0, 0x9147b170, 0x0 ) 
0x00007FFAAE4ACD30	NULL (NULL:0) (ucrtbase:0x00007FFAAE480000) ( 0x0, 0x0, 0x0, 0x0 ) 
0x00007FFAAFCDE957	NULL (NULL:0) (KERNEL32:0x00007FFAAFCB0000) ( 0x0, 0x0, 0xfffffb30, 0xfffffb30 ) 

Thread 14012
=====================
0x00007FFAB1203CB4	NULL (NULL:0) (ntdll:0x00007FFAB10A0000) ( 0x102, 0xb10e016f, 0x1203000, 0x2768f8b0 ) 
0x00007FFAB10DFE7B	NULL (NULL:0) (ntdll:0x00007FFAB10A0000) ( 0x0, 0x0, 0x0, 0xb10e13e2 ) 
0x00007FFAAE9E3D48	NULL (NULL:0) (KERNELBASE:0x00007FFAAE9C0000) ( 0xc10b4500, 0xbeb735d0, 0xf, 0xfff85ee0 ) 
0x00007FF9D84A0198	NULL (NULL:0) (rtlcoremt:0x00007FF9D8480000) ( 0xc10b4500, 0xc10b4500, 0x0, 0x0 ) 
0x00007FF9CBEED61E	NULL (NULL:0) (asyncoremt:0x00007FF9CBEB0000) ( 0xcbf4b358, 0xc10b0b00, 0x0, 0x0 ) 
0x00007FF9CA62D10F	NULL (NULL:0) (baselibmt:0x00007FF9CA540000) ( 0x55d13800, 0x0, 0x9147cdf0, 0x0 ) 
0x00007FFAAE4ACD30	NULL (NULL:0) (ucrtbase:0x00007FFAAE480000) ( 0x0, 0x0, 0x0, 0x0 ) 
0x00007FFAAFCDE957	NULL (NULL:0) (KERNEL32:0x00007FFAAFCB0000) ( 0x0, 0x0, 0xfffffb30, 0xfffffb30 ) 

Thread 20732
=====================
0x00007FFAB1203CB4	NULL (NULL:0) (ntdll:0x00007FFAB10A0000) ( 0x102, 0xd848b803, 0x14b3, 0x27e3fc40 ) 
0x00007FFAB10DFE7B	NULL (NULL:0) (ntdll:0x00007FFAB10A0000) ( 0x0, 0x0, 0x0, 0xb10e13e2 ) 
0x00007FFAAE9E3D48	NULL (NULL:0) (KERNELBASE:0x00007FFAAE9C0000) ( 0xc10b4800, 0x80704dc0, 0xf, 0xfff85ee0 ) 
0x00007FF9D84A0198	NULL (NULL:0) (rtlcoremt:0x00007FF9D8480000) ( 0xc10b4800, 0xc10b4800, 0x0, 0x0 ) 
0x00007FF9CBEED61E	NULL (NULL:0) (asyncoremt:0x00007FF9CBEB0000) ( 0xcbf4b358, 0xc10b1500, 0x0, 0x0 ) 
0x00007FF9CA62D10F	NULL (NULL:0) (baselibmt:0x00007FF9CA540000) ( 0x55d13700, 0x0, 0x9147cd70, 0x0 ) 
0x00007FFAAE4ACD30	NULL (NULL:0) (ucrtbase:0x00007FFAAE480000) ( 0x0, 0x0, 0x0, 0x0 ) 
0x00007FFAAFCDE957	NULL (NULL:0) (KERNEL32:0x00007FFAAFCB0000) ( 0x0, 0x0, 0xfffffb30, 0xfffffb30 ) 

Thread 33380
=====================
0x00007FFAB1203CB4	NULL (NULL:0) (ntdll:0x00007FFAB10A0000) ( 0x102, 0xb10e016f, 0x1203000, 0x285ef910 ) 
0x00007FFAB10DFE7B	NULL (NULL:0) (ntdll:0x00007FFAB10A0000) ( 0x0, 0x0, 0x0, 0xb10e13e2 ) 
0x00007FFAAE9E3D48	NULL (NULL:0) (KERNELBASE:0x00007FFAAE9C0000) ( 0xc10b4080, 0xbf003e70, 0xf, 0xfff85ee0 ) 
0x00007FF9D84A0198	NULL (NULL:0) (rtlcoremt:0x00007FF9D8480000) ( 0xc10b4080, 0xc10b4080, 0x0, 0x0 ) 
0x00007FF9CBEED61E	NULL (NULL:0) (asyncoremt:0x00007FF9CBEB0000) ( 0xcbf4b358, 0xc10b1900, 0x0, 0x0 ) 
0x00007FF9CA62D10F	NULL (NULL:0) (baselibmt:0x00007FF9CA540000) ( 0x6be9e00, 0x0, 0x9147bef0, 0x0 ) 
0x00007FFAAE4ACD30	NULL (NULL:0) (ucrtbase:0x00007FFAAE480000) ( 0x0, 0x0, 0x0, 0x0 ) 
0x00007FFAAFCDE957	NULL (NULL:0) (KERNEL32:0x00007FFAAFCB0000) ( 0x0, 0x0, 0xfffffb30, 0xfffffb30 ) 

Thread 36948
=====================
0x00007FFAB1203CB4	NULL (NULL:0) (ntdll:0x00007FFAB10A0000) ( 0x102, 0xb10e016f, 0x1203000, 0x28d9f5a0 ) 
0x00007FFAB10DFE7B	NULL (NULL:0) (ntdll:0x00007FFAB10A0000) ( 0x0, 0x0, 0x0, 0xb10e13e2 ) 
0x00007FFAAE9E3D48	NULL (NULL:0) (KERNELBASE:0x00007FFAAE9C0000) ( 0xc10b4980, 0xbeb73f00, 0xf, 0xfff85ee0 ) 
0x00007FF9D84A0198	NULL (NULL:0) (rtlcoremt:0x00007FF9D8480000) ( 0xc10b4980, 0xc10b4980, 0x0, 0x0 ) 
0x00007FF9CBEED61E	NULL (NULL:0) (asyncoremt:0x00007FF9CBEB0000) ( 0xcbf4b358, 0xc10b1700, 0x0, 0x0 ) 
0x00007FF9CA62D10F	NULL (NULL:0) (baselibmt:0x00007FF9CA540000) ( 0x911ce900, 0x0, 0x9147b9f0, 0x0 ) 
0x00007FFAAE4ACD30	NULL (NULL:0) (ucrtbase:0x00007FFAAE480000) ( 0x0, 0x0, 0x0, 0x0 ) 
0x00007FFAAFCDE957	NULL (NULL:0) (KERNEL32:0x00007FFAAFCB0000) ( 0x0, 0x0, 0xfffffb30, 0xfffffb30 ) 

Thread 13960
=====================
0x00007FFAB1203CB4	NULL (NULL:0) (ntdll:0x00007FFAB10A0000) ( 0x102, 0xb10e016f, 0x1203000, 0x2954fd30 ) 
0x00007FFAB10DFE7B	NULL (NULL:0) (ntdll:0x00007FFAB10A0000) ( 0x0, 0x0, 0x0, 0xb10e13e2 ) 
0x00007FFAAE9E3D48	NULL (NULL:0) (KERNELBASE:0x00007FFAAE9C0000) ( 0xc10ba430, 0xbed45ff0, 0xf, 0xfff85ee0 ) 
0x00007FF9D84A0198	NULL (NULL:0) (rtlcoremt:0x00007FF9D8480000) ( 0xc10ba430, 0xc10ba430, 0x0, 0x0 ) 
0x00007FF9CBEED61E	NULL (NULL:0) (asyncoremt:0x00007FF9CBEB0000) ( 0xcbf4b358, 0xc10b1b00, 0x0, 0x0 ) 
0x00007FF9CA62D10F	NULL (NULL:0) (baselibmt:0x00007FF9CA540000) ( 0x911cea00, 0x0, 0x9147aff0, 0x0 ) 
0x00007FFAAE4ACD30	NULL (NULL:0) (ucrtbase:0x00007FFAAE480000) ( 0x0, 0x0, 0x0, 0x0 ) 
0x00007FFAAFCDE957	NULL (NULL:0) (KERNEL32:0x00007FFAAFCB0000) ( 0x0, 0x0, 0xfffffb30, 0xfffffb30 ) 

Thread 20164
=====================
0x00007FFAB1203CB4	NULL (NULL:0) (ntdll:0x00007FFAB10A0000) ( 0x102, 0xd848b803, 0x1602, 0x29cff5e0 ) 
0x00007FFAB10DFE7B	NULL (NULL:0) (ntdll:0x00007FFAB10A0000) ( 0x0, 0x0, 0x0, 0xd84a029e ) 
0x00007FFAAE9E3D48	NULL (NULL:0) (KERNELBASE:0x00007FFAAE9C0000) ( 0xc10bb4b0, 0x80705660, 0xf, 0xfff85ee0 ) 
0x00007FF9D84A0198	NULL (NULL:0) (rtlcoremt:0x00007FF9D8480000) ( 0xc10bb4b0, 0xc10bb4b0, 0x0, 0x0 ) 
0x00007FF9CBEED61E	NULL (NULL:0) (asyncoremt:0x00007FF9CBEB0000) ( 0xcbf4b358, 0xc10b2200, 0x0, 0x0 ) 
0x00007FF9CA62D10F	NULL (NULL:0) (baselibmt:0x00007FF9CA540000) ( 0x911ceb00, 0x0, 0x9147c5f0, 0x0 ) 
0x00007FFAAE4ACD30	NULL (NULL:0) (ucrtbase:0x00007FFAAE480000) ( 0x0, 0x0, 0x0, 0x0 ) 
0x00007FFAAFCDE957	NULL (NULL:0) (KERNEL32:0x00007FFAAFCB0000) ( 0x0, 0x0, 0xfffffb30, 0xfffffb30 ) 

Thread 4524
=====================
0x00007FFAAE991344	NULL (NULL:0) (win32u:0x00007FFAAE990000) ( 0x0, 0x0, 0x2, 0x0 ) 
0x00007FFAAF9D45E8	NULL (NULL:0) (USER32:0x00007FFAAF9C0000) ( 0xf10, 0x0, 0x0, 0x0 ) 
0x00007FF7BB7DFD63	NULL (NULL:0) (xtop:0x00007FF7B5700000) ( 0x0, 0x0, 0x0, 0x0 ) 
0x00007FFAAFCDE957	NULL (NULL:0) (KERNEL32:0x00007FFAAFCB0000) ( 0x0, 0x0, 0xfffffb30, 0xfffffb30 ) 

Thread 29464
=====================
0x00007FFAB1200BB4	NULL (NULL:0) (ntdll:0x00007FFAB10A0000) ( 0x45004e, 0x2e0058, 0x0, 0x750047 ) 
0x00007FFAAE9E29F3	NULL (NULL:0) (KERNELBASE:0x00007FFAAE9C0000) ( 0x91273af0, 0x90f7f750, 0x91273af0, 0x90f7f750 ) 
0x00007FFA94B18AE6	NULL (NULL:0) (clr:0x00007FFA949B0000) ( 0x91273af0, 0x91273af0, 0x91273b28, 0x90f7f750 ) 
0x00007FFA94B189CC	NULL (NULL:0) (clr:0x00007FFA949B0000) ( 0x0, 0x0, 0x0, 0x0 ) 
0x00007FFA94B18866	NULL (NULL:0) (clr:0x00007FFA949B0000) ( 0x0, 0x0, 0x0, 0x0 ) 
0x00007FFAAFCDE957	NULL (NULL:0) (KERNEL32:0x00007FFAAFCB0000) ( 0x0, 0x0, 0xfffffb30, 0xfffffb30 ) 

Thread 4792
=====================
0x00007FFAB1200BB4	NULL (NULL:0) (ntdll:0x00007FFAB10A0000) ( 0x21bc, 0x0, 0x2c36f400, 0xffffffff ) 
0x00007FFAAE9E29F3	NULL (NULL:0) (KERNELBASE:0x00007FFAAE9C0000) ( 0x2c36fac0, 0x1, 0x0, 0x1 ) 
0x00007FFA949D6A1F	NULL (NULL:0) (clr:0x00007FFA949B0000) ( 0x0, 0x94b3e948, 0x0, 0x2c36f970 ) 
0x00007FFA949D67D0	NULL (NULL:0) (clr:0x00007FFA949B0000) ( 0x2c36f9a8, 0x2c36f9a8, 0x2c36f448, 0x0 ) 
0x00007FFA94A16FBB	NULL (NULL:0) (clr:0x00007FFA949B0000) ( 0x90bb6ef0, 0xffffffff, 0x2c36f448, 0x0 ) 
0x00007FFA94A16EDF	NULL (NULL:0) (clr:0x00007FFA949B0000) ( 0x90bb6ef0, 0x0, 0x2c36f448, 0x0 ) 
0x00007FFA94A16DAB	NULL (NULL:0) (clr:0x00007FFA949B0000) ( 0xffffffff, 0x90bb6ef0, 0x0, 0x1 ) 
0x00007FFA94A48C27	NULL (NULL:0) (clr:0x00007FFA949B0000) ( 0x0, 0x0, 0x0, 0x0 ) 
0x00007FFA94B25F9A	NULL (NULL:0) (clr:0x00007FFA949B0000) ( 0x0, 0x0, 0x0, 0x0 ) 
0x00007FFAAFCDE957	NULL (NULL:0) (KERNEL32:0x00007FFAAFCB0000) ( 0x0, 0x0, 0xfffffb30, 0xfffffb30 ) 

Thread 14104
=====================
0x00007FFAB12000E4	NULL (NULL:0) (ntdll:0x00007FFAB10A0000) ( 0x8d2132a0, 0xc1300048, 0x0, 0xc106fbd0 ) 
0x00007FFAAE9DC11F	NULL (NULL:0) (KERNELBASE:0x00007FFAAE9C0000) ( 0xea60, 0xc106fbd0, 0x0, 0x33e4 ) 
0x00007FF9CA57A767	NULL (NULL:0) (baselibmt:0x00007FF9CA540000) ( 0x1, 0xc1097d01, 0x8, 0x40 ) 
0x00007FF9CBEE925A	NULL (NULL:0) (asyncoremt:0x00007FF9CBEB0000) ( 0x8d2132a0, 0xbebc0900, 0x0, 0x8d2132a0 ) 
0x00007FF9CBEE952F	NULL (NULL:0) (asyncoremt:0x00007FF9CBEB0000) ( 0x9102e0b0, 0x0, 0x0, 0x0 ) 
0x00007FFAAE4ACD30	NULL (NULL:0) (ucrtbase:0x00007FFAAE480000) ( 0x0, 0x0, 0x0, 0x0 ) 
0x00007FFAAFCDE957	NULL (NULL:0) (KERNEL32:0x00007FFAAFCB0000) ( 0x0, 0x0, 0xfffffb30, 0xfffffb30 ) 

Thread 21268
=====================
0x00007FFAB1200BB4	NULL (NULL:0) (ntdll:0x00007FFAB10A0000) ( 0x0, 0x1f80, 0x0, 0x0 ) 
0x00007FFAAE9E29F3	NULL (NULL:0) (KERNELBASE:0x00007FFAAE9C0000) ( 0x0, 0x0, 0x0, 0x0 ) 
0x00007FFAAE9E28C1	NULL (NULL:0) (KERNELBASE:0x00007FFAAE9C0000) ( 0x0, 0x0, 0x0, 0x0 ) 
0x00007FFA9EC26DDC	NULL (NULL:0) (amdihk64:0x00007FFA9EC20000) ( 0x0, 0x0, 0x0, 0x0 ) 
0x00007FFAAFCDE957	NULL (NULL:0) (KERNEL32:0x00007FFAAFCB0000) ( 0x0, 0x0, 0xfffffb30, 0xfffffb30 ) 

Thread 35160
=====================
0x00007FFAB1203D14	NULL (NULL:0) (ntdll:0x00007FFAB10A0000) ( 0x1001f, 0x1, 0x2919ba0, 0xbe731a80 ) 
0x00007FFAB10F064E	NULL (NULL:0) (ntdll:0x00007FFAB10A0000) ( 0x0, 0x0, 0x0, 0x0 ) 
0x00007FFAAFCDE957	NULL (NULL:0) (KERNEL32:0x00007FFAAFCB0000) ( 0x0, 0x0, 0xfffffb30, 0xfffffb30 ) 

Thread 3380
=====================
0x00007FFAB1203D14	NULL (NULL:0) (ntdll:0x00007FFAB10A0000) ( 0x0, 0x0, 0xb10ef5b0, 0xbe731a80 ) 
0x00007FFAB10F064E	NULL (NULL:0) (ntdll:0x00007FFAB10A0000) ( 0x0, 0x0, 0x0, 0x0 ) 
0x00007FFAAFCDE957	NULL (NULL:0) (KERNEL32:0x00007FFAAFCB0000) ( 0x0, 0x0, 0xfffffb30, 0xfffffb30 ) 

Thread 32060
=====================
0x00007FFAB1203D14	NULL (NULL:0) (ntdll:0x00007FFAB10A0000) ( 0x0, 0x0, 0xb10ef5b0, 0xbe743260 ) 
0x00007FFAB10F064E	NULL (NULL:0) (ntdll:0x00007FFAB10A0000) ( 0x0, 0x0, 0x0, 0x0 ) 
0x00007FFAAFCDE957	NULL (NULL:0) (KERNEL32:0x00007FFAAFCB0000) ( 0x0, 0x0, 0xfffffb30, 0xfffffb30 ) 

Thread 15444
=====================
0x00007FFAB1203D14	NULL (NULL:0) (ntdll:0x00007FFAB10A0000) ( 0xbe743260, 0x1203000, 0x0, 0xbe743260 ) 
0x00007FFAB10F064E	NULL (NULL:0) (ntdll:0x00007FFAB10A0000) ( 0x0, 0x0, 0x0, 0x0 ) 
0x00007FFAAFCDE957	NULL (NULL:0) (KERNEL32:0x00007FFAAFCB0000) ( 0x0, 0x0, 0xfffffb30, 0xfffffb30 ) 
